<!doctype html public "-//w3c//dtd html 4.0 transitional//en">
<html><head>
<title>Static Call Graph - [.\Objects\STM32F401CCUx_PA0ButtonHandler.axf]</title></head>
<body><HR>
<H1>Static Call Graph for image .\Objects\STM32F401CCUx_PA0ButtonHandler.axf</H1><HR>
<BR><P>#&#060CALLGRAPH&#062# ARM Linker, 6160001: Last Updated: Fri Sep 10 05:44:13 2021
<BR><P>
<H3>Maximum Stack Usage =          0 bytes + Unknown(Functions without stacksize, Cycles, Untraceable Function Pointers)</H3><H3>
Call chain for Maximum Stack Depth:</H3>

<P>
<H3>
Functions with no stack information
</H3><UL>
 <LI><a href="#[44]">__user_initial_stackheap</a>
 <LI><a href="#[43]">__main</a>
</UL>
</UL>
<P>
<H3>
Mutually Recursive functions
</H3> <LI><a href="#[1]">NMI_Handler</a>&nbsp;&nbsp;&nbsp;&rArr;&nbsp;&nbsp;&nbsp;<a href="#[1]">NMI_Handler</a><BR>
 <LI><a href="#[2]">HardFault_Handler</a>&nbsp;&nbsp;&nbsp;&rArr;&nbsp;&nbsp;&nbsp;<a href="#[2]">HardFault_Handler</a><BR>
 <LI><a href="#[3]">MemManage_Handler</a>&nbsp;&nbsp;&nbsp;&rArr;&nbsp;&nbsp;&nbsp;<a href="#[3]">MemManage_Handler</a><BR>
 <LI><a href="#[4]">BusFault_Handler</a>&nbsp;&nbsp;&nbsp;&rArr;&nbsp;&nbsp;&nbsp;<a href="#[4]">BusFault_Handler</a><BR>
 <LI><a href="#[5]">UsageFault_Handler</a>&nbsp;&nbsp;&nbsp;&rArr;&nbsp;&nbsp;&nbsp;<a href="#[5]">UsageFault_Handler</a><BR>
 <LI><a href="#[6]">SVC_Handler</a>&nbsp;&nbsp;&nbsp;&rArr;&nbsp;&nbsp;&nbsp;<a href="#[6]">SVC_Handler</a><BR>
 <LI><a href="#[7]">DebugMon_Handler</a>&nbsp;&nbsp;&nbsp;&rArr;&nbsp;&nbsp;&nbsp;<a href="#[7]">DebugMon_Handler</a><BR>
 <LI><a href="#[8]">PendSV_Handler</a>&nbsp;&nbsp;&nbsp;&rArr;&nbsp;&nbsp;&nbsp;<a href="#[8]">PendSV_Handler</a><BR>
 <LI><a href="#[9]">SysTick_Handler</a>&nbsp;&nbsp;&nbsp;&rArr;&nbsp;&nbsp;&nbsp;<a href="#[9]">SysTick_Handler</a><BR>
 <LI><a href="#[1c]">ADC_IRQHandler</a>&nbsp;&nbsp;&nbsp;&rArr;&nbsp;&nbsp;&nbsp;<a href="#[1c]">ADC_IRQHandler</a><BR>
</UL>
<P>
<H3>
Function Pointers
</H3><UL>
 <LI><a href="#[1c]">ADC_IRQHandler</a> from startup_stm32f401xc.o(.text) referenced from startup_stm32f401xc.o(RESET)
 <LI><a href="#[4]">BusFault_Handler</a> from startup_stm32f401xc.o(.text) referenced from startup_stm32f401xc.o(RESET)
 <LI><a href="#[15]">DMA1_Stream0_IRQHandler</a> from startup_stm32f401xc.o(.text) referenced from startup_stm32f401xc.o(RESET)
 <LI><a href="#[16]">DMA1_Stream1_IRQHandler</a> from startup_stm32f401xc.o(.text) referenced from startup_stm32f401xc.o(RESET)
 <LI><a href="#[17]">DMA1_Stream2_IRQHandler</a> from startup_stm32f401xc.o(.text) referenced from startup_stm32f401xc.o(RESET)
 <LI><a href="#[18]">DMA1_Stream3_IRQHandler</a> from startup_stm32f401xc.o(.text) referenced from startup_stm32f401xc.o(RESET)
 <LI><a href="#[19]">DMA1_Stream4_IRQHandler</a> from startup_stm32f401xc.o(.text) referenced from startup_stm32f401xc.o(RESET)
 <LI><a href="#[1a]">DMA1_Stream5_IRQHandler</a> from startup_stm32f401xc.o(.text) referenced from startup_stm32f401xc.o(RESET)
 <LI><a href="#[1b]">DMA1_Stream6_IRQHandler</a> from startup_stm32f401xc.o(.text) referenced from startup_stm32f401xc.o(RESET)
 <LI><a href="#[30]">DMA1_Stream7_IRQHandler</a> from startup_stm32f401xc.o(.text) referenced from startup_stm32f401xc.o(RESET)
 <LI><a href="#[34]">DMA2_Stream0_IRQHandler</a> from startup_stm32f401xc.o(.text) referenced from startup_stm32f401xc.o(RESET)
 <LI><a href="#[35]">DMA2_Stream1_IRQHandler</a> from startup_stm32f401xc.o(.text) referenced from startup_stm32f401xc.o(RESET)
 <LI><a href="#[36]">DMA2_Stream2_IRQHandler</a> from startup_stm32f401xc.o(.text) referenced from startup_stm32f401xc.o(RESET)
 <LI><a href="#[37]">DMA2_Stream3_IRQHandler</a> from startup_stm32f401xc.o(.text) referenced from startup_stm32f401xc.o(RESET)
 <LI><a href="#[38]">DMA2_Stream4_IRQHandler</a> from startup_stm32f401xc.o(.text) referenced from startup_stm32f401xc.o(RESET)
 <LI><a href="#[3a]">DMA2_Stream5_IRQHandler</a> from startup_stm32f401xc.o(.text) referenced from startup_stm32f401xc.o(RESET)
 <LI><a href="#[3b]">DMA2_Stream6_IRQHandler</a> from startup_stm32f401xc.o(.text) referenced from startup_stm32f401xc.o(RESET)
 <LI><a href="#[3c]">DMA2_Stream7_IRQHandler</a> from startup_stm32f401xc.o(.text) referenced from startup_stm32f401xc.o(RESET)
 <LI><a href="#[7]">DebugMon_Handler</a> from startup_stm32f401xc.o(.text) referenced from startup_stm32f401xc.o(RESET)
 <LI><a href="#[10]">EXTI0_IRQHandler</a> from startup_stm32f401xc.o(.text) referenced from startup_stm32f401xc.o(RESET)
 <LI><a href="#[2d]">EXTI15_10_IRQHandler</a> from startup_stm32f401xc.o(.text) referenced from startup_stm32f401xc.o(RESET)
 <LI><a href="#[11]">EXTI1_IRQHandler</a> from startup_stm32f401xc.o(.text) referenced from startup_stm32f401xc.o(RESET)
 <LI><a href="#[12]">EXTI2_IRQHandler</a> from startup_stm32f401xc.o(.text) referenced from startup_stm32f401xc.o(RESET)
 <LI><a href="#[13]">EXTI3_IRQHandler</a> from startup_stm32f401xc.o(.text) referenced from startup_stm32f401xc.o(RESET)
 <LI><a href="#[14]">EXTI4_IRQHandler</a> from startup_stm32f401xc.o(.text) referenced from startup_stm32f401xc.o(RESET)
 <LI><a href="#[1d]">EXTI9_5_IRQHandler</a> from startup_stm32f401xc.o(.text) referenced from startup_stm32f401xc.o(RESET)
 <LI><a href="#[e]">FLASH_IRQHandler</a> from startup_stm32f401xc.o(.text) referenced from startup_stm32f401xc.o(RESET)
 <LI><a href="#[40]">FPU_IRQHandler</a> from startup_stm32f401xc.o(.text) referenced from startup_stm32f401xc.o(RESET)
 <LI><a href="#[2]">HardFault_Handler</a> from startup_stm32f401xc.o(.text) referenced from startup_stm32f401xc.o(RESET)
 <LI><a href="#[26]">I2C1_ER_IRQHandler</a> from startup_stm32f401xc.o(.text) referenced from startup_stm32f401xc.o(RESET)
 <LI><a href="#[25]">I2C1_EV_IRQHandler</a> from startup_stm32f401xc.o(.text) referenced from startup_stm32f401xc.o(RESET)
 <LI><a href="#[28]">I2C2_ER_IRQHandler</a> from startup_stm32f401xc.o(.text) referenced from startup_stm32f401xc.o(RESET)
 <LI><a href="#[27]">I2C2_EV_IRQHandler</a> from startup_stm32f401xc.o(.text) referenced from startup_stm32f401xc.o(RESET)
 <LI><a href="#[3f]">I2C3_ER_IRQHandler</a> from startup_stm32f401xc.o(.text) referenced from startup_stm32f401xc.o(RESET)
 <LI><a href="#[3e]">I2C3_EV_IRQHandler</a> from startup_stm32f401xc.o(.text) referenced from startup_stm32f401xc.o(RESET)
 <LI><a href="#[3]">MemManage_Handler</a> from startup_stm32f401xc.o(.text) referenced from startup_stm32f401xc.o(RESET)
 <LI><a href="#[1]">NMI_Handler</a> from startup_stm32f401xc.o(.text) referenced from startup_stm32f401xc.o(RESET)
 <LI><a href="#[39]">OTG_FS_IRQHandler</a> from startup_stm32f401xc.o(.text) referenced from startup_stm32f401xc.o(RESET)
 <LI><a href="#[2f]">OTG_FS_WKUP_IRQHandler</a> from startup_stm32f401xc.o(.text) referenced from startup_stm32f401xc.o(RESET)
 <LI><a href="#[b]">PVD_IRQHandler</a> from startup_stm32f401xc.o(.text) referenced from startup_stm32f401xc.o(RESET)
 <LI><a href="#[8]">PendSV_Handler</a> from startup_stm32f401xc.o(.text) referenced from startup_stm32f401xc.o(RESET)
 <LI><a href="#[f]">RCC_IRQHandler</a> from startup_stm32f401xc.o(.text) referenced from startup_stm32f401xc.o(RESET)
 <LI><a href="#[2e]">RTC_Alarm_IRQHandler</a> from startup_stm32f401xc.o(.text) referenced from startup_stm32f401xc.o(RESET)
 <LI><a href="#[d]">RTC_WKUP_IRQHandler</a> from startup_stm32f401xc.o(.text) referenced from startup_stm32f401xc.o(RESET)
 <LI><a href="#[0]">Reset_Handler</a> from startup_stm32f401xc.o(.text) referenced from startup_stm32f401xc.o(RESET)
 <LI><a href="#[31]">SDIO_IRQHandler</a> from startup_stm32f401xc.o(.text) referenced from startup_stm32f401xc.o(RESET)
 <LI><a href="#[29]">SPI1_IRQHandler</a> from startup_stm32f401xc.o(.text) referenced from startup_stm32f401xc.o(RESET)
 <LI><a href="#[2a]">SPI2_IRQHandler</a> from startup_stm32f401xc.o(.text) referenced from startup_stm32f401xc.o(RESET)
 <LI><a href="#[33]">SPI3_IRQHandler</a> from startup_stm32f401xc.o(.text) referenced from startup_stm32f401xc.o(RESET)
 <LI><a href="#[41]">SPI4_IRQHandler</a> from startup_stm32f401xc.o(.text) referenced from startup_stm32f401xc.o(RESET)
 <LI><a href="#[6]">SVC_Handler</a> from startup_stm32f401xc.o(.text) referenced from startup_stm32f401xc.o(RESET)
 <LI><a href="#[9]">SysTick_Handler</a> from startup_stm32f401xc.o(.text) referenced from startup_stm32f401xc.o(RESET)
 <LI><a href="#[42]">SystemInit</a> from system_stm32f4xx.o(.text.SystemInit) referenced from startup_stm32f401xc.o(.text)
 <LI><a href="#[c]">TAMP_STAMP_IRQHandler</a> from startup_stm32f401xc.o(.text) referenced from startup_stm32f401xc.o(RESET)
 <LI><a href="#[1e]">TIM1_BRK_TIM9_IRQHandler</a> from startup_stm32f401xc.o(.text) referenced from startup_stm32f401xc.o(RESET)
 <LI><a href="#[21]">TIM1_CC_IRQHandler</a> from startup_stm32f401xc.o(.text) referenced from startup_stm32f401xc.o(RESET)
 <LI><a href="#[20]">TIM1_TRG_COM_TIM11_IRQHandler</a> from startup_stm32f401xc.o(.text) referenced from startup_stm32f401xc.o(RESET)
 <LI><a href="#[1f]">TIM1_UP_TIM10_IRQHandler</a> from startup_stm32f401xc.o(.text) referenced from startup_stm32f401xc.o(RESET)
 <LI><a href="#[22]">TIM2_IRQHandler</a> from startup_stm32f401xc.o(.text) referenced from startup_stm32f401xc.o(RESET)
 <LI><a href="#[23]">TIM3_IRQHandler</a> from startup_stm32f401xc.o(.text) referenced from startup_stm32f401xc.o(RESET)
 <LI><a href="#[24]">TIM4_IRQHandler</a> from startup_stm32f401xc.o(.text) referenced from startup_stm32f401xc.o(RESET)
 <LI><a href="#[32]">TIM5_IRQHandler</a> from startup_stm32f401xc.o(.text) referenced from startup_stm32f401xc.o(RESET)
 <LI><a href="#[2b]">USART1_IRQHandler</a> from startup_stm32f401xc.o(.text) referenced from startup_stm32f401xc.o(RESET)
 <LI><a href="#[2c]">USART2_IRQHandler</a> from startup_stm32f401xc.o(.text) referenced from startup_stm32f401xc.o(RESET)
 <LI><a href="#[3d]">USART6_IRQHandler</a> from startup_stm32f401xc.o(.text) referenced from startup_stm32f401xc.o(RESET)
 <LI><a href="#[5]">UsageFault_Handler</a> from startup_stm32f401xc.o(.text) referenced from startup_stm32f401xc.o(RESET)
 <LI><a href="#[a]">WWDG_IRQHandler</a> from startup_stm32f401xc.o(.text) referenced from startup_stm32f401xc.o(RESET)
 <LI><a href="#[43]">__main</a> from main.o(STM32F401CCUx_Driver) referenced from startup_stm32f401xc.o(.text)
</UL>
<P>
<H3>
Global Symbols
</H3>
<P><STRONG><a name="[0]"></a>Reset_Handler</STRONG> (Thumb, 8 bytes, Stack size 0 bytes, startup_stm32f401xc.o(.text))
<BR>[Address Reference Count : 1]<UL><LI> startup_stm32f401xc.o(RESET)
</UL>
<P><STRONG><a name="[1]"></a>NMI_Handler</STRONG> (Thumb, 2 bytes, Stack size 0 bytes, startup_stm32f401xc.o(.text))
<BR><BR>[Calls]<UL><LI><a href="#[1]">&gt;&gt;</a>&nbsp;&nbsp;&nbsp;NMI_Handler
</UL>
<BR>[Called By]<UL><LI><a href="#[1]">&gt;&gt;</a>&nbsp;&nbsp;&nbsp;NMI_Handler
</UL>
<BR>[Address Reference Count : 1]<UL><LI> startup_stm32f401xc.o(RESET)
</UL>
<P><STRONG><a name="[2]"></a>HardFault_Handler</STRONG> (Thumb, 2 bytes, Stack size 0 bytes, startup_stm32f401xc.o(.text))
<BR><BR>[Calls]<UL><LI><a href="#[2]">&gt;&gt;</a>&nbsp;&nbsp;&nbsp;HardFault_Handler
</UL>
<BR>[Called By]<UL><LI><a href="#[2]">&gt;&gt;</a>&nbsp;&nbsp;&nbsp;HardFault_Handler
</UL>
<BR>[Address Reference Count : 1]<UL><LI> startup_stm32f401xc.o(RESET)
</UL>
<P><STRONG><a name="[3]"></a>MemManage_Handler</STRONG> (Thumb, 2 bytes, Stack size 0 bytes, startup_stm32f401xc.o(.text))
<BR><BR>[Calls]<UL><LI><a href="#[3]">&gt;&gt;</a>&nbsp;&nbsp;&nbsp;MemManage_Handler
</UL>
<BR>[Called By]<UL><LI><a href="#[3]">&gt;&gt;</a>&nbsp;&nbsp;&nbsp;MemManage_Handler
</UL>
<BR>[Address Reference Count : 1]<UL><LI> startup_stm32f401xc.o(RESET)
</UL>
<P><STRONG><a name="[4]"></a>BusFault_Handler</STRONG> (Thumb, 2 bytes, Stack size 0 bytes, startup_stm32f401xc.o(.text))
<BR><BR>[Calls]<UL><LI><a href="#[4]">&gt;&gt;</a>&nbsp;&nbsp;&nbsp;BusFault_Handler
</UL>
<BR>[Called By]<UL><LI><a href="#[4]">&gt;&gt;</a>&nbsp;&nbsp;&nbsp;BusFault_Handler
</UL>
<BR>[Address Reference Count : 1]<UL><LI> startup_stm32f401xc.o(RESET)
</UL>
<P><STRONG><a name="[5]"></a>UsageFault_Handler</STRONG> (Thumb, 2 bytes, Stack size 0 bytes, startup_stm32f401xc.o(.text))
<BR><BR>[Calls]<UL><LI><a href="#[5]">&gt;&gt;</a>&nbsp;&nbsp;&nbsp;UsageFault_Handler
</UL>
<BR>[Called By]<UL><LI><a href="#[5]">&gt;&gt;</a>&nbsp;&nbsp;&nbsp;UsageFault_Handler
</UL>
<BR>[Address Reference Count : 1]<UL><LI> startup_stm32f401xc.o(RESET)
</UL>
<P><STRONG><a name="[6]"></a>SVC_Handler</STRONG> (Thumb, 2 bytes, Stack size 0 bytes, startup_stm32f401xc.o(.text))
<BR><BR>[Calls]<UL><LI><a href="#[6]">&gt;&gt;</a>&nbsp;&nbsp;&nbsp;SVC_Handler
</UL>
<BR>[Called By]<UL><LI><a href="#[6]">&gt;&gt;</a>&nbsp;&nbsp;&nbsp;SVC_Handler
</UL>
<BR>[Address Reference Count : 1]<UL><LI> startup_stm32f401xc.o(RESET)
</UL>
<P><STRONG><a name="[7]"></a>DebugMon_Handler</STRONG> (Thumb, 2 bytes, Stack size 0 bytes, startup_stm32f401xc.o(.text))
<BR><BR>[Calls]<UL><LI><a href="#[7]">&gt;&gt;</a>&nbsp;&nbsp;&nbsp;DebugMon_Handler
</UL>
<BR>[Called By]<UL><LI><a href="#[7]">&gt;&gt;</a>&nbsp;&nbsp;&nbsp;DebugMon_Handler
</UL>
<BR>[Address Reference Count : 1]<UL><LI> startup_stm32f401xc.o(RESET)
</UL>
<P><STRONG><a name="[8]"></a>PendSV_Handler</STRONG> (Thumb, 2 bytes, Stack size 0 bytes, startup_stm32f401xc.o(.text))
<BR><BR>[Calls]<UL><LI><a href="#[8]">&gt;&gt;</a>&nbsp;&nbsp;&nbsp;PendSV_Handler
</UL>
<BR>[Called By]<UL><LI><a href="#[8]">&gt;&gt;</a>&nbsp;&nbsp;&nbsp;PendSV_Handler
</UL>
<BR>[Address Reference Count : 1]<UL><LI> startup_stm32f401xc.o(RESET)
</UL>
<P><STRONG><a name="[9]"></a>SysTick_Handler</STRONG> (Thumb, 2 bytes, Stack size 0 bytes, startup_stm32f401xc.o(.text))
<BR><BR>[Calls]<UL><LI><a href="#[9]">&gt;&gt;</a>&nbsp;&nbsp;&nbsp;SysTick_Handler
</UL>
<BR>[Called By]<UL><LI><a href="#[9]">&gt;&gt;</a>&nbsp;&nbsp;&nbsp;SysTick_Handler
</UL>
<BR>[Address Reference Count : 1]<UL><LI> startup_stm32f401xc.o(RESET)
</UL>
<P><STRONG><a name="[1c]"></a>ADC_IRQHandler</STRONG> (Thumb, 0 bytes, Stack size 0 bytes, startup_stm32f401xc.o(.text))
<BR><BR>[Calls]<UL><LI><a href="#[1c]">&gt;&gt;</a>&nbsp;&nbsp;&nbsp;ADC_IRQHandler
</UL>
<BR>[Called By]<UL><LI><a href="#[1c]">&gt;&gt;</a>&nbsp;&nbsp;&nbsp;ADC_IRQHandler
</UL>
<BR>[Address Reference Count : 1]<UL><LI> startup_stm32f401xc.o(RESET)
</UL>
<P><STRONG><a name="[15]"></a>DMA1_Stream0_IRQHandler</STRONG> (Thumb, 0 bytes, Stack size 0 bytes, startup_stm32f401xc.o(.text))
<BR>[Address Reference Count : 1]<UL><LI> startup_stm32f401xc.o(RESET)
</UL>
<P><STRONG><a name="[16]"></a>DMA1_Stream1_IRQHandler</STRONG> (Thumb, 0 bytes, Stack size 0 bytes, startup_stm32f401xc.o(.text))
<BR>[Address Reference Count : 1]<UL><LI> startup_stm32f401xc.o(RESET)
</UL>
<P><STRONG><a name="[17]"></a>DMA1_Stream2_IRQHandler</STRONG> (Thumb, 0 bytes, Stack size 0 bytes, startup_stm32f401xc.o(.text))
<BR>[Address Reference Count : 1]<UL><LI> startup_stm32f401xc.o(RESET)
</UL>
<P><STRONG><a name="[18]"></a>DMA1_Stream3_IRQHandler</STRONG> (Thumb, 0 bytes, Stack size 0 bytes, startup_stm32f401xc.o(.text))
<BR>[Address Reference Count : 1]<UL><LI> startup_stm32f401xc.o(RESET)
</UL>
<P><STRONG><a name="[19]"></a>DMA1_Stream4_IRQHandler</STRONG> (Thumb, 0 bytes, Stack size 0 bytes, startup_stm32f401xc.o(.text))
<BR>[Address Reference Count : 1]<UL><LI> startup_stm32f401xc.o(RESET)
</UL>
<P><STRONG><a name="[1a]"></a>DMA1_Stream5_IRQHandler</STRONG> (Thumb, 0 bytes, Stack size 0 bytes, startup_stm32f401xc.o(.text))
<BR>[Address Reference Count : 1]<UL><LI> startup_stm32f401xc.o(RESET)
</UL>
<P><STRONG><a name="[1b]"></a>DMA1_Stream6_IRQHandler</STRONG> (Thumb, 0 bytes, Stack size 0 bytes, startup_stm32f401xc.o(.text))
<BR>[Address Reference Count : 1]<UL><LI> startup_stm32f401xc.o(RESET)
</UL>
<P><STRONG><a name="[30]"></a>DMA1_Stream7_IRQHandler</STRONG> (Thumb, 0 bytes, Stack size 0 bytes, startup_stm32f401xc.o(.text))
<BR>[Address Reference Count : 1]<UL><LI> startup_stm32f401xc.o(RESET)
</UL>
<P><STRONG><a name="[34]"></a>DMA2_Stream0_IRQHandler</STRONG> (Thumb, 0 bytes, Stack size 0 bytes, startup_stm32f401xc.o(.text))
<BR>[Address Reference Count : 1]<UL><LI> startup_stm32f401xc.o(RESET)
</UL>
<P><STRONG><a name="[35]"></a>DMA2_Stream1_IRQHandler</STRONG> (Thumb, 0 bytes, Stack size 0 bytes, startup_stm32f401xc.o(.text))
<BR>[Address Reference Count : 1]<UL><LI> startup_stm32f401xc.o(RESET)
</UL>
<P><STRONG><a name="[36]"></a>DMA2_Stream2_IRQHandler</STRONG> (Thumb, 0 bytes, Stack size 0 bytes, startup_stm32f401xc.o(.text))
<BR>[Address Reference Count : 1]<UL><LI> startup_stm32f401xc.o(RESET)
</UL>
<P><STRONG><a name="[37]"></a>DMA2_Stream3_IRQHandler</STRONG> (Thumb, 0 bytes, Stack size 0 bytes, startup_stm32f401xc.o(.text))
<BR>[Address Reference Count : 1]<UL><LI> startup_stm32f401xc.o(RESET)
</UL>
<P><STRONG><a name="[38]"></a>DMA2_Stream4_IRQHandler</STRONG> (Thumb, 0 bytes, Stack size 0 bytes, startup_stm32f401xc.o(.text))
<BR>[Address Reference Count : 1]<UL><LI> startup_stm32f401xc.o(RESET)
</UL>
<P><STRONG><a name="[3a]"></a>DMA2_Stream5_IRQHandler</STRONG> (Thumb, 0 bytes, Stack size 0 bytes, startup_stm32f401xc.o(.text))
<BR>[Address Reference Count : 1]<UL><LI> startup_stm32f401xc.o(RESET)
</UL>
<P><STRONG><a name="[3b]"></a>DMA2_Stream6_IRQHandler</STRONG> (Thumb, 0 bytes, Stack size 0 bytes, startup_stm32f401xc.o(.text))
<BR>[Address Reference Count : 1]<UL><LI> startup_stm32f401xc.o(RESET)
</UL>
<P><STRONG><a name="[3c]"></a>DMA2_Stream7_IRQHandler</STRONG> (Thumb, 0 bytes, Stack size 0 bytes, startup_stm32f401xc.o(.text))
<BR>[Address Reference Count : 1]<UL><LI> startup_stm32f401xc.o(RESET)
</UL>
<P><STRONG><a name="[10]"></a>EXTI0_IRQHandler</STRONG> (Thumb, 0 bytes, Stack size 0 bytes, startup_stm32f401xc.o(.text))
<BR>[Address Reference Count : 1]<UL><LI> startup_stm32f401xc.o(RESET)
</UL>
<P><STRONG><a name="[2d]"></a>EXTI15_10_IRQHandler</STRONG> (Thumb, 0 bytes, Stack size 0 bytes, startup_stm32f401xc.o(.text))
<BR>[Address Reference Count : 1]<UL><LI> startup_stm32f401xc.o(RESET)
</UL>
<P><STRONG><a name="[11]"></a>EXTI1_IRQHandler</STRONG> (Thumb, 0 bytes, Stack size 0 bytes, startup_stm32f401xc.o(.text))
<BR>[Address Reference Count : 1]<UL><LI> startup_stm32f401xc.o(RESET)
</UL>
<P><STRONG><a name="[12]"></a>EXTI2_IRQHandler</STRONG> (Thumb, 0 bytes, Stack size 0 bytes, startup_stm32f401xc.o(.text))
<BR>[Address Reference Count : 1]<UL><LI> startup_stm32f401xc.o(RESET)
</UL>
<P><STRONG><a name="[13]"></a>EXTI3_IRQHandler</STRONG> (Thumb, 0 bytes, Stack size 0 bytes, startup_stm32f401xc.o(.text))
<BR>[Address Reference Count : 1]<UL><LI> startup_stm32f401xc.o(RESET)
</UL>
<P><STRONG><a name="[14]"></a>EXTI4_IRQHandler</STRONG> (Thumb, 0 bytes, Stack size 0 bytes, startup_stm32f401xc.o(.text))
<BR>[Address Reference Count : 1]<UL><LI> startup_stm32f401xc.o(RESET)
</UL>
<P><STRONG><a name="[1d]"></a>EXTI9_5_IRQHandler</STRONG> (Thumb, 0 bytes, Stack size 0 bytes, startup_stm32f401xc.o(.text))
<BR>[Address Reference Count : 1]<UL><LI> startup_stm32f401xc.o(RESET)
</UL>
<P><STRONG><a name="[e]"></a>FLASH_IRQHandler</STRONG> (Thumb, 0 bytes, Stack size 0 bytes, startup_stm32f401xc.o(.text))
<BR>[Address Reference Count : 1]<UL><LI> startup_stm32f401xc.o(RESET)
</UL>
<P><STRONG><a name="[40]"></a>FPU_IRQHandler</STRONG> (Thumb, 0 bytes, Stack size 0 bytes, startup_stm32f401xc.o(.text))
<BR>[Address Reference Count : 1]<UL><LI> startup_stm32f401xc.o(RESET)
</UL>
<P><STRONG><a name="[26]"></a>I2C1_ER_IRQHandler</STRONG> (Thumb, 0 bytes, Stack size 0 bytes, startup_stm32f401xc.o(.text))
<BR>[Address Reference Count : 1]<UL><LI> startup_stm32f401xc.o(RESET)
</UL>
<P><STRONG><a name="[25]"></a>I2C1_EV_IRQHandler</STRONG> (Thumb, 0 bytes, Stack size 0 bytes, startup_stm32f401xc.o(.text))
<BR>[Address Reference Count : 1]<UL><LI> startup_stm32f401xc.o(RESET)
</UL>
<P><STRONG><a name="[28]"></a>I2C2_ER_IRQHandler</STRONG> (Thumb, 0 bytes, Stack size 0 bytes, startup_stm32f401xc.o(.text))
<BR>[Address Reference Count : 1]<UL><LI> startup_stm32f401xc.o(RESET)
</UL>
<P><STRONG><a name="[27]"></a>I2C2_EV_IRQHandler</STRONG> (Thumb, 0 bytes, Stack size 0 bytes, startup_stm32f401xc.o(.text))
<BR>[Address Reference Count : 1]<UL><LI> startup_stm32f401xc.o(RESET)
</UL>
<P><STRONG><a name="[3f]"></a>I2C3_ER_IRQHandler</STRONG> (Thumb, 0 bytes, Stack size 0 bytes, startup_stm32f401xc.o(.text))
<BR>[Address Reference Count : 1]<UL><LI> startup_stm32f401xc.o(RESET)
</UL>
<P><STRONG><a name="[3e]"></a>I2C3_EV_IRQHandler</STRONG> (Thumb, 0 bytes, Stack size 0 bytes, startup_stm32f401xc.o(.text))
<BR>[Address Reference Count : 1]<UL><LI> startup_stm32f401xc.o(RESET)
</UL>
<P><STRONG><a name="[39]"></a>OTG_FS_IRQHandler</STRONG> (Thumb, 0 bytes, Stack size 0 bytes, startup_stm32f401xc.o(.text))
<BR>[Address Reference Count : 1]<UL><LI> startup_stm32f401xc.o(RESET)
</UL>
<P><STRONG><a name="[2f]"></a>OTG_FS_WKUP_IRQHandler</STRONG> (Thumb, 0 bytes, Stack size 0 bytes, startup_stm32f401xc.o(.text))
<BR>[Address Reference Count : 1]<UL><LI> startup_stm32f401xc.o(RESET)
</UL>
<P><STRONG><a name="[b]"></a>PVD_IRQHandler</STRONG> (Thumb, 0 bytes, Stack size 0 bytes, startup_stm32f401xc.o(.text))
<BR>[Address Reference Count : 1]<UL><LI> startup_stm32f401xc.o(RESET)
</UL>
<P><STRONG><a name="[f]"></a>RCC_IRQHandler</STRONG> (Thumb, 0 bytes, Stack size 0 bytes, startup_stm32f401xc.o(.text))
<BR>[Address Reference Count : 1]<UL><LI> startup_stm32f401xc.o(RESET)
</UL>
<P><STRONG><a name="[2e]"></a>RTC_Alarm_IRQHandler</STRONG> (Thumb, 0 bytes, Stack size 0 bytes, startup_stm32f401xc.o(.text))
<BR>[Address Reference Count : 1]<UL><LI> startup_stm32f401xc.o(RESET)
</UL>
<P><STRONG><a name="[d]"></a>RTC_WKUP_IRQHandler</STRONG> (Thumb, 0 bytes, Stack size 0 bytes, startup_stm32f401xc.o(.text))
<BR>[Address Reference Count : 1]<UL><LI> startup_stm32f401xc.o(RESET)
</UL>
<P><STRONG><a name="[31]"></a>SDIO_IRQHandler</STRONG> (Thumb, 0 bytes, Stack size 0 bytes, startup_stm32f401xc.o(.text))
<BR>[Address Reference Count : 1]<UL><LI> startup_stm32f401xc.o(RESET)
</UL>
<P><STRONG><a name="[29]"></a>SPI1_IRQHandler</STRONG> (Thumb, 0 bytes, Stack size 0 bytes, startup_stm32f401xc.o(.text))
<BR>[Address Reference Count : 1]<UL><LI> startup_stm32f401xc.o(RESET)
</UL>
<P><STRONG><a name="[2a]"></a>SPI2_IRQHandler</STRONG> (Thumb, 0 bytes, Stack size 0 bytes, startup_stm32f401xc.o(.text))
<BR>[Address Reference Count : 1]<UL><LI> startup_stm32f401xc.o(RESET)
</UL>
<P><STRONG><a name="[33]"></a>SPI3_IRQHandler</STRONG> (Thumb, 0 bytes, Stack size 0 bytes, startup_stm32f401xc.o(.text))
<BR>[Address Reference Count : 1]<UL><LI> startup_stm32f401xc.o(RESET)
</UL>
<P><STRONG><a name="[41]"></a>SPI4_IRQHandler</STRONG> (Thumb, 0 bytes, Stack size 0 bytes, startup_stm32f401xc.o(.text))
<BR>[Address Reference Count : 1]<UL><LI> startup_stm32f401xc.o(RESET)
</UL>
<P><STRONG><a name="[c]"></a>TAMP_STAMP_IRQHandler</STRONG> (Thumb, 0 bytes, Stack size 0 bytes, startup_stm32f401xc.o(.text))
<BR>[Address Reference Count : 1]<UL><LI> startup_stm32f401xc.o(RESET)
</UL>
<P><STRONG><a name="[1e]"></a>TIM1_BRK_TIM9_IRQHandler</STRONG> (Thumb, 0 bytes, Stack size 0 bytes, startup_stm32f401xc.o(.text))
<BR>[Address Reference Count : 1]<UL><LI> startup_stm32f401xc.o(RESET)
</UL>
<P><STRONG><a name="[21]"></a>TIM1_CC_IRQHandler</STRONG> (Thumb, 0 bytes, Stack size 0 bytes, startup_stm32f401xc.o(.text))
<BR>[Address Reference Count : 1]<UL><LI> startup_stm32f401xc.o(RESET)
</UL>
<P><STRONG><a name="[20]"></a>TIM1_TRG_COM_TIM11_IRQHandler</STRONG> (Thumb, 0 bytes, Stack size 0 bytes, startup_stm32f401xc.o(.text))
<BR>[Address Reference Count : 1]<UL><LI> startup_stm32f401xc.o(RESET)
</UL>
<P><STRONG><a name="[1f]"></a>TIM1_UP_TIM10_IRQHandler</STRONG> (Thumb, 0 bytes, Stack size 0 bytes, startup_stm32f401xc.o(.text))
<BR>[Address Reference Count : 1]<UL><LI> startup_stm32f401xc.o(RESET)
</UL>
<P><STRONG><a name="[22]"></a>TIM2_IRQHandler</STRONG> (Thumb, 0 bytes, Stack size 0 bytes, startup_stm32f401xc.o(.text))
<BR>[Address Reference Count : 1]<UL><LI> startup_stm32f401xc.o(RESET)
</UL>
<P><STRONG><a name="[23]"></a>TIM3_IRQHandler</STRONG> (Thumb, 0 bytes, Stack size 0 bytes, startup_stm32f401xc.o(.text))
<BR>[Address Reference Count : 1]<UL><LI> startup_stm32f401xc.o(RESET)
</UL>
<P><STRONG><a name="[24]"></a>TIM4_IRQHandler</STRONG> (Thumb, 0 bytes, Stack size 0 bytes, startup_stm32f401xc.o(.text))
<BR>[Address Reference Count : 1]<UL><LI> startup_stm32f401xc.o(RESET)
</UL>
<P><STRONG><a name="[32]"></a>TIM5_IRQHandler</STRONG> (Thumb, 0 bytes, Stack size 0 bytes, startup_stm32f401xc.o(.text))
<BR>[Address Reference Count : 1]<UL><LI> startup_stm32f401xc.o(RESET)
</UL>
<P><STRONG><a name="[2b]"></a>USART1_IRQHandler</STRONG> (Thumb, 0 bytes, Stack size 0 bytes, startup_stm32f401xc.o(.text))
<BR>[Address Reference Count : 1]<UL><LI> startup_stm32f401xc.o(RESET)
</UL>
<P><STRONG><a name="[2c]"></a>USART2_IRQHandler</STRONG> (Thumb, 0 bytes, Stack size 0 bytes, startup_stm32f401xc.o(.text))
<BR>[Address Reference Count : 1]<UL><LI> startup_stm32f401xc.o(RESET)
</UL>
<P><STRONG><a name="[3d]"></a>USART6_IRQHandler</STRONG> (Thumb, 0 bytes, Stack size 0 bytes, startup_stm32f401xc.o(.text))
<BR>[Address Reference Count : 1]<UL><LI> startup_stm32f401xc.o(RESET)
</UL>
<P><STRONG><a name="[a]"></a>WWDG_IRQHandler</STRONG> (Thumb, 0 bytes, Stack size 0 bytes, startup_stm32f401xc.o(.text))
<BR>[Address Reference Count : 1]<UL><LI> startup_stm32f401xc.o(RESET)
</UL>
<P><STRONG><a name="[44]"></a>__user_initial_stackheap</STRONG> (Thumb, 0 bytes, Stack size unknown bytes, startup_stm32f401xc.o(.text), UNUSED, KEPT)

<P><STRONG><a name="[45]"></a>__use_two_region_memory</STRONG> (Thumb, 2 bytes, Stack size 0 bytes, heapauxi.o(.text), UNUSED)

<P><STRONG><a name="[46]"></a>__rt_heap_escrow$2region</STRONG> (Thumb, 2 bytes, Stack size 0 bytes, heapauxi.o(.text), UNUSED)

<P><STRONG><a name="[47]"></a>__rt_heap_expand$2region</STRONG> (Thumb, 2 bytes, Stack size 0 bytes, heapauxi.o(.text), UNUSED)

<P><STRONG><a name="[42]"></a>SystemInit</STRONG> (Thumb, 26 bytes, Stack size 0 bytes, system_stm32f4xx.o(.text.SystemInit))
<BR>[Address Reference Count : 1]<UL><LI> startup_stm32f401xc.o(.text)
</UL>
<P><STRONG><a name="[43]"></a>__main</STRONG> (Thumb, 0 bytes, Stack size unknown bytes, main.o(STM32F401CCUx_Driver))
<BR>[Address Reference Count : 1]<UL><LI> startup_stm32f401xc.o(.text)
</UL><P>
<H3>
Local Symbols
</H3><P>
<H3>
Undefined Global Symbols
</H3><HR></body></html>
