Archive member included to satisfy reference by file (symbol)

/usr/local/Caskroom/gcc-arm-embedded/9-2020-q2-update/gcc-arm-none-eabi-9-2020-q2-update/bin/../lib/gcc/arm-none-eabi/9.3.1/thumb/v6-m/nofp/libgcc.a(_dvmd_tls.o)
                              CMakeFiles/0x04_int.dir/Users/developer/pico/pico-sdk/src/rp2_common/pico_divider/divider.S.obj (__aeabi_idiv0)
/usr/local/Caskroom/gcc-arm-embedded/9-2020-q2-update/gcc-arm-none-eabi-9-2020-q2-update/bin/../lib/gcc/arm-none-eabi/9.3.1/../../../../arm-none-eabi/lib/thumb/v6-m/nofp/libc.a(lib_a-calloc.o)
                              CMakeFiles/0x04_int.dir/Users/developer/pico/pico-sdk/src/rp2_common/pico_malloc/pico_malloc.c.obj (calloc)
/usr/local/Caskroom/gcc-arm-embedded/9-2020-q2-update/gcc-arm-none-eabi-9-2020-q2-update/bin/../lib/gcc/arm-none-eabi/9.3.1/../../../../arm-none-eabi/lib/thumb/v6-m/nofp/libc.a(lib_a-callocr.o)
                              /usr/local/Caskroom/gcc-arm-embedded/9-2020-q2-update/gcc-arm-none-eabi-9-2020-q2-update/bin/../lib/gcc/arm-none-eabi/9.3.1/../../../../arm-none-eabi/lib/thumb/v6-m/nofp/libc.a(lib_a-calloc.o) (_calloc_r)
/usr/local/Caskroom/gcc-arm-embedded/9-2020-q2-update/gcc-arm-none-eabi-9-2020-q2-update/bin/../lib/gcc/arm-none-eabi/9.3.1/../../../../arm-none-eabi/lib/thumb/v6-m/nofp/libc.a(lib_a-impure.o)
                              /usr/local/Caskroom/gcc-arm-embedded/9-2020-q2-update/gcc-arm-none-eabi-9-2020-q2-update/bin/../lib/gcc/arm-none-eabi/9.3.1/../../../../arm-none-eabi/lib/thumb/v6-m/nofp/libc.a(lib_a-calloc.o) (_impure_ptr)
/usr/local/Caskroom/gcc-arm-embedded/9-2020-q2-update/gcc-arm-none-eabi-9-2020-q2-update/bin/../lib/gcc/arm-none-eabi/9.3.1/../../../../arm-none-eabi/lib/thumb/v6-m/nofp/libc.a(lib_a-init.o)
                              /usr/local/Caskroom/gcc-arm-embedded/9-2020-q2-update/gcc-arm-none-eabi-9-2020-q2-update/bin/../lib/gcc/arm-none-eabi/9.3.1/../../../../arm-none-eabi/lib/thumb/v6-m/nofp/crt0.o (__libc_init_array)
/usr/local/Caskroom/gcc-arm-embedded/9-2020-q2-update/gcc-arm-none-eabi-9-2020-q2-update/bin/../lib/gcc/arm-none-eabi/9.3.1/../../../../arm-none-eabi/lib/thumb/v6-m/nofp/libc.a(lib_a-malloc.o)
                              CMakeFiles/0x04_int.dir/Users/developer/pico/pico-sdk/src/rp2_common/pico_malloc/pico_malloc.c.obj (malloc)
/usr/local/Caskroom/gcc-arm-embedded/9-2020-q2-update/gcc-arm-none-eabi-9-2020-q2-update/bin/../lib/gcc/arm-none-eabi/9.3.1/../../../../arm-none-eabi/lib/thumb/v6-m/nofp/libc.a(lib_a-mallocr.o)
                              /usr/local/Caskroom/gcc-arm-embedded/9-2020-q2-update/gcc-arm-none-eabi-9-2020-q2-update/bin/../lib/gcc/arm-none-eabi/9.3.1/../../../../arm-none-eabi/lib/thumb/v6-m/nofp/libc.a(lib_a-callocr.o) (_malloc_r)
/usr/local/Caskroom/gcc-arm-embedded/9-2020-q2-update/gcc-arm-none-eabi-9-2020-q2-update/bin/../lib/gcc/arm-none-eabi/9.3.1/../../../../arm-none-eabi/lib/thumb/v6-m/nofp/libc.a(lib_a-mlock.o)
                              /usr/local/Caskroom/gcc-arm-embedded/9-2020-q2-update/gcc-arm-none-eabi-9-2020-q2-update/bin/../lib/gcc/arm-none-eabi/9.3.1/../../../../arm-none-eabi/lib/thumb/v6-m/nofp/libc.a(lib_a-mallocr.o) (__malloc_lock)
/usr/local/Caskroom/gcc-arm-embedded/9-2020-q2-update/gcc-arm-none-eabi-9-2020-q2-update/bin/../lib/gcc/arm-none-eabi/9.3.1/../../../../arm-none-eabi/lib/thumb/v6-m/nofp/libc.a(lib_a-sbrkr.o)
                              /usr/local/Caskroom/gcc-arm-embedded/9-2020-q2-update/gcc-arm-none-eabi-9-2020-q2-update/bin/../lib/gcc/arm-none-eabi/9.3.1/../../../../arm-none-eabi/lib/thumb/v6-m/nofp/libc.a(lib_a-mallocr.o) (_sbrk_r)
/usr/local/Caskroom/gcc-arm-embedded/9-2020-q2-update/gcc-arm-none-eabi-9-2020-q2-update/bin/../lib/gcc/arm-none-eabi/9.3.1/../../../../arm-none-eabi/lib/thumb/v6-m/nofp/libc.a(lib_a-strlen-stub.o)
                              CMakeFiles/0x04_int.dir/Users/developer/pico/pico-sdk/src/rp2_common/pico_stdio/stdio.c.obj (strlen)
/usr/local/Caskroom/gcc-arm-embedded/9-2020-q2-update/gcc-arm-none-eabi-9-2020-q2-update/bin/../lib/gcc/arm-none-eabi/9.3.1/../../../../arm-none-eabi/lib/thumb/v6-m/nofp/libc.a(lib_a-freer.o)
                              /usr/local/Caskroom/gcc-arm-embedded/9-2020-q2-update/gcc-arm-none-eabi-9-2020-q2-update/bin/../lib/gcc/arm-none-eabi/9.3.1/../../../../arm-none-eabi/lib/thumb/v6-m/nofp/libc.a(lib_a-malloc.o) (_free_r)
/usr/local/Caskroom/gcc-arm-embedded/9-2020-q2-update/gcc-arm-none-eabi-9-2020-q2-update/bin/../lib/gcc/arm-none-eabi/9.3.1/../../../../arm-none-eabi/lib/thumb/v6-m/nofp/libc.a(lib_a-lock.o)
                              /usr/local/Caskroom/gcc-arm-embedded/9-2020-q2-update/gcc-arm-none-eabi-9-2020-q2-update/bin/../lib/gcc/arm-none-eabi/9.3.1/../../../../arm-none-eabi/lib/thumb/v6-m/nofp/libc.a(lib_a-mlock.o) (__retarget_lock_acquire_recursive)
/usr/local/Caskroom/gcc-arm-embedded/9-2020-q2-update/gcc-arm-none-eabi-9-2020-q2-update/bin/../lib/gcc/arm-none-eabi/9.3.1/../../../../arm-none-eabi/lib/thumb/v6-m/nofp/libc.a(lib_a-reent.o)
[...]
Memory Configuration

Name             Origin             Length             Attributes
FLASH            0x0000000010000000 0x0000000000200000 xr
RAM              0x0000000020000000 0x0000000000040000 xrw
SCRATCH_X        0x0000000020040000 0x0000000000001000 xrw
SCRATCH_Y        0x0000000020041000 0x0000000000001000 xrw
*default*        0x0000000000000000 0xffffffffffffffff

Linker script and memory map

LOAD /usr/local/Caskroom/gcc-arm-embedded/9-2020-q2-update/gcc-arm-none-eabi-9-2020-q2-update/bin/../lib/gcc/arm-none-eabi/9.3.1/thumb/v6-m/nofp/crti.o
LOAD /usr/local/Caskroom/gcc-arm-embedded/9-2020-q2-update/gcc-arm-none-eabi-9-2020-q2-update/bin/../lib/gcc/arm-none-eabi/9.3.1/thumb/v6-m/nofp/crtbegin.o
LOAD /usr/local/Caskroom/gcc-arm-embedded/9-2020-q2-update/gcc-arm-none-eabi-9-2020-q2-update/bin/../lib/gcc/arm-none-eabi/9.3.1/../../../../arm-none-eabi/lib/thumb/v6-m/nofp/crt0.o

.flash_begin    0x0000000010000000        0x0
                0x0000000010000000                __flash_binary_start = .

.boot2          0x0000000010000000      0x100
                0x0000000010000000                __boot2_start__ = .
 *(.boot2)
 .boot2         0x0000000010000000      0x100 /var/folders/bf/sd0knffj2r32l60mdqmd6t200000gn/T//ccI4Ryrs.o
                0x0000000010000100                __boot2_end__ = .
                0x0000000000000001                ASSERT (((__boot2_end__ - __boot2_start__) == 0x100), ERROR: Pico second stage bootloader must be 256 bytes in size)

.text           0x0000000010000100     0x6f68
                0x0000000010000100                __reset_start = .
 *(.reset)
 .reset         0x0000000010000100       0xc4 CMakeFiles/0x04_int.dir/Users/developer/pico/pico-sdk/src/rp2_common/pico_standard_link/crt0.S.obj
                0x0000000010000104                _entry_point
                0x0000000010000196                __get_current_exception
 .reset         0x00000000100001c4       0x30 CMakeFiles/0x04_int.dir/Users/developer/pico/pico-sdk/src/rp2_common/pico_standard_link/binary_info.c.obj
                0x0000000010000200                . = ALIGN (0x100)
 *fill*         0x00000000100001f4        0xc 
                0x0000000010000200                __reset_end = .
                0x0000000000000001                ASSERT (((__reset_end - __reset_start) == 0x100), ERROR: reset section should only be 256 bytes)
 *(.vectors)
 .vectors       0x0000000010000200       0xd4 CMakeFiles/0x04_int.dir/Users/developer/pico/pico-sdk/src/rp2_common/pico_standard_link/crt0.S.obj
                0x0000000010000200                __vectors
                0x00000000100002c0                isr_invalid
                0x00000000100002c2                isr_nmi
                0x00000000100002c4                isr_hardfault
                0x00000000100002c6                isr_svcall
                0x00000000100002c8                isr_pendsv
                0x00000000100002ca                isr_systick
                0x00000000100002cc                isr_irq23
                0x00000000100002cc                isr_irq18
                0x00000000100002cc                isr_irq28
                0x00000000100002cc                isr_irq19
                0x00000000100002cc                isr_irq0
                0x00000000100002cc                isr_irq6
                0x00000000100002cc                isr_irq22
                0x00000000100002cc                isr_irq17
                0x00000000100002cc                isr_irq14
                0x00000000100002cc                isr_irq2
                0x00000000100002cc                isr_irq10
                0x00000000100002cc                isr_irq8
                0x00000000100002cc                isr_irq24
                0x00000000100002cc                isr_irq1
                0x00000000100002cc                isr_irq7
                0x00000000100002cc                isr_irq21
                0x00000000100002cc                isr_irq20
                0x00000000100002cc                isr_irq15
                0x00000000100002cc                isr_irq25
                0x00000000100002cc                isr_irq4
                0x00000000100002cc                isr_irq16
                0x00000000100002cc                isr_irq29
                0x00000000100002cc                isr_irq26
                0x00000000100002cc                isr_irq3
                0x00000000100002cc                isr_irq9
                0x00000000100002cc                __unhandled_user_irq
                0x00000000100002cc                isr_irq13
                0x00000000100002cc                isr_irq27
                0x00000000100002cc                isr_irq31
                0x00000000100002cc                isr_irq5
                0x00000000100002cc                isr_irq11
                0x00000000100002cc                isr_irq30
                0x00000000100002cc                isr_irq12
                0x00000000100002d2                unhandled_user_irq_num_in_r0
 *(.init)
 .init          0x00000000100002d4        0x4 /usr/local/Caskroom/gcc-arm-embedded/9-2020-q2-update/gcc-arm-none-eabi-9-2020-q2-update/bin/../lib/gcc/arm-none-eabi/9.3.1/thumb/v6-m/nofp/crti.o
                0x00000000100002d4                _init
 *(EXCLUDE_FILE(*libm.a: *libc.a:*lib_a-mem*.o *libgcc.a:) .text*)
 .text          0x00000000100002d8       0x48 /usr/local/Caskroom/gcc-arm-embedded/9-2020-q2-update/gcc-arm-none-eabi-9-2020-q2-update/bin/../lib/gcc/arm-none-eabi/9.3.1/thumb/v6-m/nofp/crtbegin.o
 .text.startup.main
                0x0000000010000320       0x20 CMakeFiles/0x04_int.dir/0x04_int.c.obj
                0x0000000010000320                main
 .text.gpio_set_function
                0x0000000010000340       0x30 CMakeFiles/0x04_int.dir/Users/developer/pico/pico-sdk/src/rp2_common/hardware_gpio/gpio.c.obj
                0x0000000010000340                gpio_set_function
 .text.hw_claim_or_assert
                0x0000000010000370       0x60 CMakeFiles/0x04_int.dir/Users/developer/pico/pico-sdk/src/rp2_common/hardware_claim/claim.c.obj
                0x0000000010000370                hw_claim_or_assert
 .text.hw_claim_unused_from_range
                0x00000000100003d0       0x9c CMakeFiles/0x04_int.dir/Users/developer/pico/pico-sdk/src/rp2_common/hardware_claim/claim.c.obj
                0x00000000100003d0                hw_claim_unused_from_range
 .text.spin_locks_reset
                0x000000001000046c       0x1c CMakeFiles/0x04_int.dir/Users/developer/pico/pico-sdk/src/rp2_common/hardware_sync/sync.c.obj
                0x000000001000046c                spin_locks_reset
 .text.next_striped_spin_lock_num
                0x0000000010000488       0x18 CMakeFiles/0x04_int.dir/Users/developer/pico/pico-sdk/src/rp2_common/hardware_sync/sync.c.obj
                0x0000000010000488                next_striped_spin_lock_num
 .text.spin_lock_claim_unused
                0x00000000100004a0       0x20 CMakeFiles/0x04_int.dir/Users/developer/pico/pico-sdk/src/rp2_common/hardware_sync/sync.c.obj
                0x00000000100004a0                spin_lock_claim_unused
 .text.running_on_fpga
                0x00000000100004c0       0x10 CMakeFiles/0x04_int.dir/Users/developer/pico/pico-sdk/src/rp2_common/pico_platform/platform.c.obj
                0x00000000100004c0                running_on_fpga
 .text.uart_init
                0x00000000100004d0       0xd8 CMakeFiles/0x04_int.dir/Users/developer/pico/pico-sdk/src/rp2_common/hardware_uart/uart.c.obj
                0x00000000100004d0                uart_init
 .text.timer_pool_entry_comparator
                0x00000000100005a8       0x34 CMakeFiles/0x04_int.dir/Users/developer/pico/pico-sdk/src/common/pico_time/time.c.obj
                0x00000000100005a8                timer_pool_entry_comparator
 .text.sev_callback
                0x00000000100005dc        0x8 CMakeFiles/0x04_int.dir/Users/developer/pico/pico-sdk/src/common/pico_time/time.c.obj
 .text.add_alarm_under_lock
                0x00000000100005e4      0x12c CMakeFiles/0x04_int.dir/Users/developer/pico/pico-sdk/src/common/pico_time/time.c.obj
 .text.alarm_pool_alarm_callback
                0x0000000010000710      0x1e0 CMakeFiles/0x04_int.dir/Users/developer/pico/pico-sdk/src/common/pico_time/time.c.obj
 .text.alarm_pool_add_alarm_at.constprop.0
                0x00000000100008f0      0x128 CMakeFiles/0x04_int.dir/Users/developer/pico/pico-sdk/src/common/pico_time/time.c.obj
 .text.alarm_pool_init_default
                0x0000000010000a18       0x78 CMakeFiles/0x04_int.dir/Users/developer/pico/pico-sdk/src/common/pico_time/time.c.obj
                0x0000000010000a18                alarm_pool_init_default
 .text.alarm_pool_get_default
                0x0000000010000a90        0xc CMakeFiles/0x04_int.dir/Users/developer/pico/pico-sdk/src/common/pico_time/time.c.obj
                0x0000000010000a90                alarm_pool_get_default
 .text.alarm_pool_add_alarm_at
                0x0000000010000a9c      0x1b8 CMakeFiles/0x04_int.dir/Users/developer/pico/pico-sdk/src/common/pico_time/time.c.obj
                0x0000000010000a9c                alarm_pool_add_alarm_at
 .text.alarm_pool_cancel_alarm
                0x0000000010000c54       0x70 CMakeFiles/0x04_int.dir/Users/developer/pico/pico-sdk/src/common/pico_time/time.c.obj
                0x0000000010000c54                alarm_pool_cancel_alarm
 .text.sleep_ms
                0x0000000010000cc4       0xa8 CMakeFiles/0x04_int.dir/Users/developer/pico/pico-sdk/src/common/pico_time/time.c.obj
                0x0000000010000cc4                sleep_ms
 .text.best_effort_wfe_or_timeout
                0x0000000010000d6c       0x44 CMakeFiles/0x04_int.dir/Users/developer/pico/pico-sdk/src/common/pico_time/time.c.obj
                0x0000000010000d6c                best_effort_wfe_or_timeout
 .text.hardware_alarm_irq_handler
                0x0000000010000db0       0xb8 CMakeFiles/0x04_int.dir/Users/developer/pico/pico-sdk/src/rp2_common/hardware_timer/timer.c.obj
 .text.hardware_alarm_claim
                0x0000000010000e68       0x18 CMakeFiles/0x04_int.dir/Users/developer/pico/pico-sdk/src/rp2_common/hardware_timer/timer.c.obj
                0x0000000010000e68                hardware_alarm_claim
 .text.time_us_64
                0x0000000010000e80       0x14 CMakeFiles/0x04_int.dir/Users/developer/pico/pico-sdk/src/rp2_common/hardware_timer/timer.c.obj
                0x0000000010000e80                time_us_64
 .text.busy_wait_until
                0x0000000010000e94       0x20 CMakeFiles/0x04_int.dir/Users/developer/pico/pico-sdk/src/rp2_common/hardware_timer/timer.c.obj
                0x0000000010000e94                busy_wait_until
 .text.hardware_alarm_set_callback
                0x0000000010000eb4       0x8c CMakeFiles/0x04_int.dir/Users/developer/pico/pico-sdk/src/rp2_common/hardware_timer/timer.c.obj
                0x0000000010000eb4                hardware_alarm_set_callback
 .text.hardware_alarm_set_target
                0x0000000010000f40       0xc4 CMakeFiles/0x04_int.dir/Users/developer/pico/pico-sdk/src/rp2_common/hardware_timer/timer.c.obj
                0x0000000010000f40                hardware_alarm_set_target
 .text.hardware_alarm_cancel
                0x0000000010001004       0x40 CMakeFiles/0x04_int.dir/Users/developer/pico/pico-sdk/src/rp2_common/hardware_timer/timer.c.obj
                0x0000000010001004                hardware_alarm_cancel
 .text.lock_init
                0x0000000010001044       0x10 CMakeFiles/0x04_int.dir/Users/developer/pico/pico-sdk/src/common/pico_sync/lock_core.c.obj
                0x0000000010001044                lock_init
 .text.mutex_init
                0x0000000010001054       0x18 CMakeFiles/0x04_int.dir/Users/developer/pico/pico-sdk/src/common/pico_sync/mutex.c.obj
                0x0000000010001054                mutex_init
 .text.critical_section_init
                0x000000001000106c       0x18 CMakeFiles/0x04_int.dir/Users/developer/pico/pico-sdk/src/common/pico_sync/critical_section.c.obj
                0x000000001000106c                critical_section_init
 .text.ph_merge_nodes
                0x0000000010001084       0x68 CMakeFiles/0x04_int.dir/Users/developer/pico/pico-sdk/src/common/pico_util/pheap.c.obj
 .text.ph_create
                0x00000000100010ec       0x64 CMakeFiles/0x04_int.dir/Users/developer/pico/pico-sdk/src/common/pico_util/pheap.c.obj
                0x00000000100010ec                ph_create
 .text.ph_merge_two_pass
                0x0000000010001150       0x90 CMakeFiles/0x04_int.dir/Users/developer/pico/pico-sdk/src/common/pico_util/pheap.c.obj
                0x0000000010001150                ph_merge_two_pass
 .text.ph_remove_any_head
                0x00000000100011e0       0xf8 CMakeFiles/0x04_int.dir/Users/developer/pico/pico-sdk/src/common/pico_util/pheap.c.obj
 .text.ph_remove_head_reserve
                0x00000000100012d8      0x13c CMakeFiles/0x04_int.dir/Users/developer/pico/pico-sdk/src/common/pico_util/pheap.c.obj
                0x00000000100012d8                ph_remove_head_reserve
 .text.ph_delete
                0x0000000010001414       0x7c CMakeFiles/0x04_int.dir/Users/developer/pico/pico-sdk/src/common/pico_util/pheap.c.obj
                0x0000000010001414                ph_delete
 .text.runtime_init
                0x0000000010001490       0xec CMakeFiles/0x04_int.dir/Users/developer/pico/pico-sdk/src/rp2_common/pico_runtime/runtime.c.obj
                0x0000000010001490                runtime_init
 .text._sbrk    0x000000001000157c       0x34 CMakeFiles/0x04_int.dir/Users/developer/pico/pico-sdk/src/rp2_common/pico_runtime/runtime.c.obj
                0x000000001000157c                _sbrk
 .text.exit     0x00000000100015b0        0x4 CMakeFiles/0x04_int.dir/Users/developer/pico/pico-sdk/src/rp2_common/pico_runtime/runtime.c.obj
                0x00000000100015b0                exit
 .text.panic    0x00000000100015b4       0x30 CMakeFiles/0x04_int.dir/Users/developer/pico/pico-sdk/src/rp2_common/pico_runtime/runtime.c.obj
                0x00000000100015b4                panic
 .text.hard_assertion_failure
                0x00000000100015e4        0xc CMakeFiles/0x04_int.dir/Users/developer/pico/pico-sdk/src/rp2_common/pico_runtime/runtime.c.obj
                0x00000000100015e4                hard_assertion_failure
 .text.clocks_init
                0x00000000100015f0      0x2e0 CMakeFiles/0x04_int.dir/Users/developer/pico/pico-sdk/src/rp2_common/hardware_clocks/clocks.c.obj
                0x00000000100015f0                clocks_init
 .text.clock_get_hz
                0x00000000100018d0        0xc CMakeFiles/0x04_int.dir/Users/developer/pico/pico-sdk/src/rp2_common/hardware_clocks/clocks.c.obj
                0x00000000100018d0                clock_get_hz
 .text.watchdog_start_tick
                0x00000000100018dc       0x10 CMakeFiles/0x04_int.dir/Users/developer/pico/pico-sdk/src/rp2_common/hardware_watchdog/watchdog.c.obj
                0x00000000100018dc                watchdog_start_tick
 .text.xosc_init
                0x00000000100018ec       0x28 CMakeFiles/0x04_int.dir/Users/developer/pico/pico-sdk/src/rp2_common/hardware_xosc/xosc.c.obj
                0x00000000100018ec                xosc_init
 .text.pll_init
                0x0000000010001914       0x54 CMakeFiles/0x04_int.dir/Users/developer/pico/pico-sdk/src/rp2_common/hardware_pll/pll.c.obj
                0x0000000010001914                pll_init
 .text.irq_set_enabled
                0x0000000010001968       0x24 CMakeFiles/0x04_int.dir/Users/developer/pico/pico-sdk/src/rp2_common/hardware_irq/irq.c.obj
                0x0000000010001968                irq_set_enabled
 .text.irq_set_pending
                0x000000001000198c       0x10 CMakeFiles/0x04_int.dir/Users/developer/pico/pico-sdk/src/rp2_common/hardware_irq/irq.c.obj
                0x000000001000198c                irq_set_pending
 .text.irq_get_vtable_handler
                0x000000001000199c       0x10 CMakeFiles/0x04_int.dir/Users/developer/pico/pico-sdk/src/rp2_common/hardware_irq/irq.c.obj
                0x000000001000199c                irq_get_vtable_handler
 .text.irq_set_exclusive_handler
                0x00000000100019ac       0x54 CMakeFiles/0x04_int.dir/Users/developer/pico/pico-sdk/src/rp2_common/hardware_irq/irq.c.obj
                0x00000000100019ac                irq_set_exclusive_handler
 .text.irq_remove_handler
                0x0000000010001a00      0x1c4 CMakeFiles/0x04_int.dir/Users/developer/pico/pico-sdk/src/rp2_common/hardware_irq/irq.c.obj
                0x0000000010001a00                irq_remove_handler
 .text.irq_add_tail_to_free_list
                0x0000000010001bc4       0xbc CMakeFiles/0x04_int.dir/Users/developer/pico/pico-sdk/src/rp2_common/hardware_irq/irq.c.obj
                0x0000000010001bc4                irq_add_tail_to_free_list
 .text.irq_init_priorities
                0x0000000010001c80       0x38 CMakeFiles/0x04_int.dir/Users/developer/pico/pico-sdk/src/rp2_common/hardware_irq/irq.c.obj
                0x0000000010001c80                irq_init_priorities
 .text._out_null
                0x0000000010001cb8        0x4 CMakeFiles/0x04_int.dir/Users/developer/pico/pico-sdk/src/rp2_common/pico_printf/printf.c.obj
 .text._out_rev
                0x0000000010001cbc       0xd0 CMakeFiles/0x04_int.dir/Users/developer/pico/pico-sdk/src/rp2_common/pico_printf/printf.c.obj
 .text._ntoa_format
                0x0000000010001d8c      0x1d0 CMakeFiles/0x04_int.dir/Users/developer/pico/pico-sdk/src/rp2_common/pico_printf/printf.c.obj
 .text._out_char
                0x0000000010001f5c       0x10 CMakeFiles/0x04_int.dir/Users/developer/pico/pico-sdk/src/rp2_common/pico_printf/printf.c.obj
 .text._out_fct
                0x0000000010001f6c       0x10 CMakeFiles/0x04_int.dir/Users/developer/pico/pico-sdk/src/rp2_common/pico_printf/printf.c.obj
 .text._etoa    0x0000000010001f7c      0x44c CMakeFiles/0x04_int.dir/Users/developer/pico/pico-sdk/src/rp2_common/pico_printf/printf.c.obj
 .text._ftoa    0x00000000100023c8      0x3e0 CMakeFiles/0x04_int.dir/Users/developer/pico/pico-sdk/src/rp2_common/pico_printf/printf.c.obj
 .text._vsnprintf
                0x00000000100027a8      0xb08 CMakeFiles/0x04_int.dir/Users/developer/pico/pico-sdk/src/rp2_common/pico_printf/printf.c.obj
 .text.vfctprintf
                0x00000000100032b0       0x20 CMakeFiles/0x04_int.dir/Users/developer/pico/pico-sdk/src/rp2_common/pico_printf/printf.c.obj
                0x00000000100032b0                vfctprintf
 .text.weak_raw_vprintf
                0x00000000100032d0       0x30 CMakeFiles/0x04_int.dir/Users/developer/pico/pico-sdk/src/rp2_common/pico_printf/printf.c.obj
                0x00000000100032d0                weak_raw_vprintf
 .text          0x0000000010003300       0x10 CMakeFiles/0x04_int.dir/Users/developer/pico/pico-sdk/src/rp2_common/pico_bit_ops/bit_ops_aeabi.S.obj
 .text.rom_func_lookup
                0x0000000010003310       0x10 CMakeFiles/0x04_int.dir/Users/developer/pico/pico-sdk/src/rp2_common/pico_bootrom/bootrom.c.obj
                0x0000000010003310                rom_func_lookup
 .text.rom_data_lookup
                0x0000000010003320       0x10 CMakeFiles/0x04_int.dir/Users/developer/pico/pico-sdk/src/rp2_common/pico_bootrom/bootrom.c.obj
                0x0000000010003320                rom_data_lookup
 .text.rom_funcs_lookup
                0x0000000010003330       0x3c CMakeFiles/0x04_int.dir/Users/developer/pico/pico-sdk/src/rp2_common/pico_bootrom/bootrom.c.obj
                0x0000000010003330                rom_funcs_lookup
 .text.__wrap___aeabi_idiv
                0x000000001000336c       0x58 CMakeFiles/0x04_int.dir/Users/developer/pico/pico-sdk/src/rp2_common/pico_divider/divider.S.obj
                0x000000001000336c                __wrap___aeabi_idivmod
                0x000000001000336c                divmod_s32s32
                0x000000001000336c                div_s32s32
                0x000000001000336c                __wrap___aeabi_idiv
                0x0000000010003374                divmod_s32s32_unsafe
                0x00000000100033a0                divmod_s32s32_savestate
 .text.__wrap___aeabi_uidiv
                0x00000000100033c4       0x54 CMakeFiles/0x04_int.dir/Users/developer/pico/pico-sdk/src/rp2_common/pico_divider/divider.S.obj
                0x00000000100033c4                __wrap___aeabi_uidiv
                0x00000000100033c4                __wrap___aeabi_uidivmod
                0x00000000100033c4                div_u32u32
                0x00000000100033c4                divmod_u32u32
                0x00000000100033cc                divmod_u32u32_unsafe
                0x00000000100033f4                divmod_u32u32_savestate
 .text.__wrap___aeabi_ldiv
                0x0000000010003418      0x430 CMakeFiles/0x04_int.dir/Users/developer/pico/pico-sdk/src/rp2_common/pico_divider/divider.S.obj
                0x0000000010003418                __wrap___aeabi_ldivmod
                0x0000000010003418                div_s64s64
                0x0000000010003418                divmod_s64s64
                0x0000000010003450                divmod_u64u64
                0x0000000010003450                div_u64u64
                0x0000000010003450                __wrap___aeabi_uldivmod
                0x0000000010003460                divmod_u64u64_savestate
                0x0000000010003488                divmod_s64s64_unsafe
                0x0000000010003510                divmod_u64u64_unsafe
 .text.__wrap___aeabi_darithmetic
                0x0000000010003848       0x54 CMakeFiles/0x04_int.dir/Users/developer/pico/pico-sdk/src/rp2_common/pico_double/double_aeabi.S.obj
                0x0000000010003848                __wrap___aeabi_drsub
                0x000000001000384e                __wrap___aeabi_dsub
                0x0000000010003860                __wrap___aeabi_dadd
                0x0000000010003872                __wrap___aeabi_ddiv
                0x0000000010003884                __wrap___aeabi_dmul
 .text.__wrap___aeabi_cdcmple
                0x000000001000389c       0x6c CMakeFiles/0x04_int.dir/Users/developer/pico/pico-sdk/src/rp2_common/pico_double/double_aeabi.S.obj
                0x000000001000389c                __wrap___aeabi_cdrcmple
                0x00000000100038ac                __wrap___aeabi_cdcmple
                0x00000000100038ac                __wrap___aeabi_cdcmpeq
 .text.__wrap___aeabi_dcmplt
                0x0000000010003908        0xc CMakeFiles/0x04_int.dir/Users/developer/pico/pico-sdk/src/rp2_common/pico_double/double_aeabi.S.obj
                0x0000000010003908                __wrap___aeabi_dcmplt
 .text.__wrap___aeabi_dcmple
                0x0000000010003914       0x10 CMakeFiles/0x04_int.dir/Users/developer/pico/pico-sdk/src/rp2_common/pico_double/double_aeabi.S.obj
                0x0000000010003914                __wrap___aeabi_dcmple
 .text.__wrap___aeabi_dcmpge
                0x0000000010003924       0x10 CMakeFiles/0x04_int.dir/Users/developer/pico/pico-sdk/src/rp2_common/pico_double/double_aeabi.S.obj
                0x0000000010003924                __wrap___aeabi_dcmpge
 .text.__wrap___aeabi_dcmpgt
                0x0000000010003934        0xa CMakeFiles/0x04_int.dir/Users/developer/pico/pico-sdk/src/rp2_common/pico_double/double_aeabi.S.obj
                0x0000000010003934                __wrap___aeabi_dcmpgt
 .text.__wrap___aeabi_dcmpun
                0x000000001000393e       0x1c CMakeFiles/0x04_int.dir/Users/developer/pico/pico-sdk/src/rp2_common/pico_double/double_aeabi.S.obj
                0x000000001000393e                __wrap___aeabi_dcmpun
 *fill*         0x000000001000395a        0x2 
 .text.__wrap___aeabi_i2d
                0x000000001000395c       0x38 CMakeFiles/0x04_int.dir/Users/developer/pico/pico-sdk/src/rp2_common/pico_double/double_aeabi.S.obj
                0x000000001000395c                __wrap___aeabi_ui2d
                0x0000000010003964                __wrap___aeabi_i2d
 .text.__wrap___aeabi_d2iz
                0x0000000010003994       0x48 CMakeFiles/0x04_int.dir/Users/developer/pico/pico-sdk/src/rp2_common/pico_double/double_aeabi.S.obj
                0x0000000010003994                __wrap___aeabi_d2iz
                0x0000000010003994                double2int_z
 .text.__wrap___aeabi_d2uiz
                0x00000000100039dc       0x18 CMakeFiles/0x04_int.dir/Users/developer/pico/pico-sdk/src/rp2_common/pico_double/double_aeabi.S.obj
                0x00000000100039dc                double2uint
                0x00000000100039dc                __wrap___aeabi_d2uiz
 .text.__aeabi_double_init
                0x00000000100039f4       0xac CMakeFiles/0x04_int.dir/Users/developer/pico/pico-sdk/src/rp2_common/pico_double/double_init_rom.c.obj
                0x00000000100039f4                __aeabi_double_init
 .text.double_table_shim_on_use_helper
                0x0000000010003aa0       0x2c CMakeFiles/0x04_int.dir/Users/developer/pico/pico-sdk/src/rp2_common/pico_double/double_v1_rom_shim.S.obj
                0x0000000010003aa0                double_table_shim_on_use_helper
 .text.__wrap___aeabi_dsub
                0x0000000010003acc       0x10 CMakeFiles/0x04_int.dir/Users/developer/pico/pico-sdk/src/rp2_common/pico_double/double_v1_rom_shim.S.obj
                0x0000000010003acc                drsub_shim
                0x0000000010003ad2                dsub_shim
 .text.dadd_shim
                0x0000000010003adc      0x15c CMakeFiles/0x04_int.dir/Users/developer/pico/pico-sdk/src/rp2_common/pico_double/double_v1_rom_shim.S.obj
                0x0000000010003adc                dadd_shim
 .text.dmul_shim
                0x0000000010003c38      0x15c CMakeFiles/0x04_int.dir/Users/developer/pico/pico-sdk/src/rp2_common/pico_double/double_v1_rom_shim.S.obj
                0x0000000010003c38                dmul_shim
 .text.ddiv_shim
                0x0000000010003d94      0x1b0 CMakeFiles/0x04_int.dir/Users/developer/pico/pico-sdk/src/rp2_common/pico_double/double_v1_rom_shim.S.obj
                0x0000000010003d94                ddiv_shim
 .text.dcordic_rot_step
                0x0000000010003f44       0x7c CMakeFiles/0x04_int.dir/Users/developer/pico/pico-sdk/src/rp2_common/pico_double/double_v1_rom_shim.S.obj
                0x0000000010003f44                dcordic_rot_step
 .text.double2uint_shim
                0x0000000010003fc0        0xe CMakeFiles/0x04_int.dir/Users/developer/pico/pico-sdk/src/rp2_common/pico_double/double_v1_rom_shim.S.obj
                0x0000000010003fc0                double2uint_shim
                0x0000000010003fc2                double2ufix_shim
 *fill*         0x0000000010003fce        0x2 
 .text.double2uint64_shim
                0x0000000010003fd0       0x6c CMakeFiles/0x04_int.dir/Users/developer/pico/pico-sdk/src/rp2_common/pico_double/double_v1_rom_shim.S.obj
                0x0000000010003fd0                double2uint64_shim
                0x0000000010003fd2                double2ufix64_shim
                0x0000000010003fec                d2fix_a
 .text.dunpacks
                0x000000001000403c       0x3c CMakeFiles/0x04_int.dir/Users/developer/pico/pico-sdk/src/rp2_common/pico_double/double_v1_rom_shim.S.obj
                0x000000001000403c                dunpacks
 .text.__aeabi_lmul
                0x0000000010004078       0x32 CMakeFiles/0x04_int.dir/Users/developer/pico/pico-sdk/src/rp2_common/pico_int64_ops/pico_int64_ops_aeabi.S.obj
                0x0000000010004078                __wrap___aeabi_lmul
 *fill*         0x00000000100040aa        0x2 
 .text.__aeabi_float_init
                0x00000000100040ac       0x64 CMakeFiles/0x04_int.dir/Users/developer/pico/pico-sdk/src/rp2_common/pico_float/float_init_rom.c.obj
                0x00000000100040ac                __aeabi_float_init
 .text.float_table_shim_on_use_helper
                0x0000000010004110       0x2c CMakeFiles/0x04_int.dir/Users/developer/pico/pico-sdk/src/rp2_common/pico_float/float_v1_rom_shim.S.obj
                0x0000000010004110                float_table_shim_on_use_helper
 .text.__wrap_malloc
                0x000000001000413c        0x8 CMakeFiles/0x04_int.dir/Users/developer/pico/pico-sdk/src/rp2_common/pico_malloc/pico_malloc.c.obj
                0x000000001000413c                __wrap_malloc
 .text.__wrap_calloc
                0x0000000010004144        0x8 CMakeFiles/0x04_int.dir/Users/developer/pico/pico-sdk/src/rp2_common/pico_malloc/pico_malloc.c.obj
                0x0000000010004144                __wrap_calloc
 .text          0x000000001000414c       0x10 CMakeFiles/0x04_int.dir/Users/developer/pico/pico-sdk/src/rp2_common/pico_mem_ops/mem_ops_aeabi.S.obj
                0x000000001000414c                __aeabi_mem_init
 .text.memset   0x000000001000415c        0xc CMakeFiles/0x04_int.dir/Users/developer/pico/pico-sdk/src/rp2_common/pico_mem_ops/mem_ops_aeabi.S.obj
                0x000000001000415c                __wrap_memset
 .text.memcpy   0x0000000010004168        0xc CMakeFiles/0x04_int.dir/Users/developer/pico/pico-sdk/src/rp2_common/pico_mem_ops/mem_ops_aeabi.S.obj
                0x0000000010004168                __wrap___aeabi_memcpy
                0x0000000010004168                __wrap_memcpy
 .text.stdio_out_chars_crlf.part.0
                0x0000000010004174       0x84 CMakeFiles/0x04_int.dir/Users/developer/pico/pico-sdk/src/rp2_common/pico_stdio/stdio.c.obj
 .text.stdio_buffered_printer
                0x00000000100041f8       0x78 CMakeFiles/0x04_int.dir/Users/developer/pico/pico-sdk/src/rp2_common/pico_stdio/stdio.c.obj
 .text.stdio_put_string
                0x0000000010004270      0x100 CMakeFiles/0x04_int.dir/Users/developer/pico/pico-sdk/src/rp2_common/pico_stdio/stdio.c.obj
 .text.__wrap_putchar
                0x0000000010004370       0x1c CMakeFiles/0x04_int.dir/Users/developer/pico/pico-sdk/src/rp2_common/pico_stdio/stdio.c.obj
                0x0000000010004370                __wrap_putchar
 .text.__wrap_puts
                0x000000001000438c       0x3c CMakeFiles/0x04_int.dir/Users/developer/pico/pico-sdk/src/rp2_common/pico_stdio/stdio.c.obj
                0x000000001000438c                __wrap_puts
 .text.stdio_set_driver_enabled
                0x00000000100043c8       0x3c CMakeFiles/0x04_int.dir/Users/developer/pico/pico-sdk/src/rp2_common/pico_stdio/stdio.c.obj
                0x00000000100043c8                stdio_set_driver_enabled
 .text.__wrap_vprintf
                0x0000000010004404       0xe8 CMakeFiles/0x04_int.dir/Users/developer/pico/pico-sdk/src/rp2_common/pico_stdio/stdio.c.obj
                0x0000000010004404                __wrap_vprintf
 .text.__wrap_printf
                0x00000000100044ec       0x18 CMakeFiles/0x04_int.dir/Users/developer/pico/pico-sdk/src/rp2_common/pico_stdio/stdio.c.obj
                0x00000000100044ec                __wrap_printf
 .text.stdio_init_all
                0x0000000010004504        0xc CMakeFiles/0x04_int.dir/Users/developer/pico/pico-sdk/src/rp2_common/pico_stdio/stdio.c.obj
                0x0000000010004504                stdio_init_all
 .text.stdio_uart_out_chars
                0x0000000010004510       0x3c CMakeFiles/0x04_int.dir/Users/developer/pico/pico-sdk/src/rp2_common/pico_stdio_uart/stdio_uart.c.obj
 .text.stdio_uart_in_chars
                0x000000001000454c       0x38 CMakeFiles/0x04_int.dir/Users/developer/pico/pico-sdk/src/rp2_common/pico_stdio_uart/stdio_uart.c.obj
                0x000000001000454c                stdio_uart_in_chars
 .text.stdio_uart_init
                0x0000000010004584       0x40 CMakeFiles/0x04_int.dir/Users/developer/pico/pico-sdk/src/rp2_common/pico_stdio_uart/stdio_uart.c.obj
                0x0000000010004584                stdio_uart_init
 .text.stdio_usb_in_chars
                0x00000000100045c4       0x68 CMakeFiles/0x04_int.dir/Users/developer/pico/pico-sdk/src/rp2_common/pico_stdio_usb/stdio_usb.c.obj
                0x00000000100045c4                stdio_usb_in_chars
 .text.stdio_usb_out_chars
                0x000000001000462c       0xec CMakeFiles/0x04_int.dir/Users/developer/pico/pico-sdk/src/rp2_common/pico_stdio_usb/stdio_usb.c.obj
 .text.timer_task
                0x0000000010004718       0x10 CMakeFiles/0x04_int.dir/Users/developer/pico/pico-sdk/src/rp2_common/pico_stdio_usb/stdio_usb.c.obj
 .text.low_priority_worker_irq
                0x0000000010004728       0x24 CMakeFiles/0x04_int.dir/Users/developer/pico/pico-sdk/src/rp2_common/pico_stdio_usb/stdio_usb.c.obj
 .text.stdio_usb_init
                0x000000001000474c       0x90 CMakeFiles/0x04_int.dir/Users/developer/pico/pico-sdk/src/rp2_common/pico_stdio_usb/stdio_usb.c.obj
                0x000000001000474c                stdio_usb_init
 .text.tud_descriptor_device_cb
                0x00000000100047dc        0x8 CMakeFiles/0x04_int.dir/Users/developer/pico/pico-sdk/src/rp2_common/pico_stdio_usb/stdio_usb_descriptors.c.obj
                0x00000000100047dc                tud_descriptor_device_cb
 .text.tud_descriptor_configuration_cb
                0x00000000100047e4        0x8 CMakeFiles/0x04_int.dir/Users/developer/pico/pico-sdk/src/rp2_common/pico_stdio_usb/stdio_usb_descriptors.c.obj
                0x00000000100047e4                tud_descriptor_configuration_cb
 .text.tud_descriptor_string_cb
                0x00000000100047ec       0x5c CMakeFiles/0x04_int.dir/Users/developer/pico/pico-sdk/src/rp2_common/pico_stdio_usb/stdio_usb_descriptors.c.obj
                0x00000000100047ec                tud_descriptor_string_cb
 .text.dcd_rp2040_irq
                0x0000000010004848      0x130 CMakeFiles/0x04_int.dir/Users/developer/pico/pico-sdk/lib/tinyusb/src/portable/raspberrypi/rp2040/dcd_rp2040.c.obj
 .text.dcd_int_enable
                0x0000000010004978        0xc CMakeFiles/0x04_int.dir/Users/developer/pico/pico-sdk/lib/tinyusb/src/portable/raspberrypi/rp2040/dcd_rp2040.c.obj
                0x0000000010004978                dcd_int_enable
 .text.dcd_set_address
                0x0000000010004984       0x30 CMakeFiles/0x04_int.dir/Users/developer/pico/pico-sdk/lib/tinyusb/src/portable/raspberrypi/rp2040/dcd_rp2040.c.obj
                0x0000000010004984                dcd_set_address
 .text.dcd_connect
                0x00000000100049b4       0x10 CMakeFiles/0x04_int.dir/Users/developer/pico/pico-sdk/lib/tinyusb/src/portable/raspberrypi/rp2040/dcd_rp2040.c.obj
                0x00000000100049b4                dcd_connect
 .text.dcd_init
                0x00000000100049c4       0xb0 CMakeFiles/0x04_int.dir/Users/developer/pico/pico-sdk/lib/tinyusb/src/portable/raspberrypi/rp2040/dcd_rp2040.c.obj
                0x00000000100049c4                dcd_init
 .text.dcd_edpt0_status_complete
                0x0000000010004a74       0x38 CMakeFiles/0x04_int.dir/Users/developer/pico/pico-sdk/lib/tinyusb/src/portable/raspberrypi/rp2040/dcd_rp2040.c.obj
                0x0000000010004a74                dcd_edpt0_status_complete
 .text.dcd_edpt_open
                0x0000000010004aac      0x148 CMakeFiles/0x04_int.dir/Users/developer/pico/pico-sdk/lib/tinyusb/src/portable/raspberrypi/rp2040/dcd_rp2040.c.obj
                0x0000000010004aac                dcd_edpt_open
 .text.dcd_edpt_xfer
                0x0000000010004bf4       0x2c CMakeFiles/0x04_int.dir/Users/developer/pico/pico-sdk/lib/tinyusb/src/portable/raspberrypi/rp2040/dcd_rp2040.c.obj
                0x0000000010004bf4                dcd_edpt_xfer
 .text.dcd_edpt_stall
                0x0000000010004c20       0x50 CMakeFiles/0x04_int.dir/Users/developer/pico/pico-sdk/lib/tinyusb/src/portable/raspberrypi/rp2040/dcd_rp2040.c.obj
                0x0000000010004c20                dcd_edpt_stall
 .text.dcd_edpt_clear_stall
                0x0000000010004c70       0x50 CMakeFiles/0x04_int.dir/Users/developer/pico/pico-sdk/lib/tinyusb/src/portable/raspberrypi/rp2040/dcd_rp2040.c.obj
                0x0000000010004c70                dcd_edpt_clear_stall
 .text.rp2040_usb_init
                0x0000000010004cc0       0x50 CMakeFiles/0x04_int.dir/Users/developer/pico/pico-sdk/lib/tinyusb/src/portable/raspberrypi/rp2040/rp2040_usb.c.obj
                0x0000000010004cc0                rp2040_usb_init
 .text.hw_endpoint_reset_transfer
                0x0000000010004d10       0x14 CMakeFiles/0x04_int.dir/Users/developer/pico/pico-sdk/lib/tinyusb/src/portable/raspberrypi/rp2040/rp2040_usb.c.obj
                0x0000000010004d10                hw_endpoint_reset_transfer
 .text._hw_endpoint_buffer_control_update32
                0x0000000010004d24       0x54 CMakeFiles/0x04_int.dir/Users/developer/pico/pico-sdk/lib/tinyusb/src/portable/raspberrypi/rp2040/rp2040_usb.c.obj
                0x0000000010004d24                _hw_endpoint_buffer_control_update32
 .text._hw_endpoint_xfer_continue
                0x0000000010004d78      0x10c CMakeFiles/0x04_int.dir/Users/developer/pico/pico-sdk/lib/tinyusb/src/portable/raspberrypi/rp2040/rp2040_usb.c.obj
                0x0000000010004d78                _hw_endpoint_xfer_continue
 .text._hw_endpoint_xfer
                0x0000000010004e84       0xc0 CMakeFiles/0x04_int.dir/Users/developer/pico/pico-sdk/lib/tinyusb/src/portable/raspberrypi/rp2040/rp2040_usb.c.obj
                0x0000000010004e84                _hw_endpoint_xfer
 .text.tud_mounted
                0x0000000010004f44       0x10 CMakeFiles/0x04_int.dir/Users/developer/pico/pico-sdk/lib/tinyusb/src/device/usbd.c.obj
                0x0000000010004f44                tud_mounted
 .text.tud_suspended
                0x0000000010004f54       0x10 CMakeFiles/0x04_int.dir/Users/developer/pico/pico-sdk/lib/tinyusb/src/device/usbd.c.obj
                0x0000000010004f54                tud_suspended
 .text.tud_init
                0x0000000010004f64       0xb0 CMakeFiles/0x04_int.dir/Users/developer/pico/pico-sdk/lib/tinyusb/src/device/usbd.c.obj
                0x0000000010004f64                tud_init
 .text.tud_task
                0x0000000010005014      0x80c CMakeFiles/0x04_int.dir/Users/developer/pico/pico-sdk/lib/tinyusb/src/device/usbd.c.obj
                0x0000000010005014                tud_task
 .text.dcd_event_bus_signal
                0x0000000010005820       0xe0 CMakeFiles/0x04_int.dir/Users/developer/pico/pico-sdk/lib/tinyusb/src/device/usbd.c.obj
                0x0000000010005820                dcd_event_bus_signal
 .text.dcd_event_setup_received
                0x0000000010005900       0x50 CMakeFiles/0x04_int.dir/Users/developer/pico/pico-sdk/lib/tinyusb/src/device/usbd.c.obj
                0x0000000010005900                dcd_event_setup_received
 .text.dcd_event_xfer_complete
                0x0000000010005950       0x68 CMakeFiles/0x04_int.dir/Users/developer/pico/pico-sdk/lib/tinyusb/src/device/usbd.c.obj
                0x0000000010005950                dcd_event_xfer_complete
 .text.usbd_open_edpt_pair
                0x00000000100059b8       0x68 CMakeFiles/0x04_int.dir/Users/developer/pico/pico-sdk/lib/tinyusb/src/device/usbd.c.obj
                0x00000000100059b8                usbd_open_edpt_pair
 .text.usbd_edpt_open
                0x0000000010005a20        0x8 CMakeFiles/0x04_int.dir/Users/developer/pico/pico-sdk/lib/tinyusb/src/device/usbd.c.obj
                0x0000000010005a20                usbd_edpt_open
 .text.usbd_edpt_claim
                0x0000000010005a28       0x64 CMakeFiles/0x04_int.dir/Users/developer/pico/pico-sdk/lib/tinyusb/src/device/usbd.c.obj
                0x0000000010005a28                usbd_edpt_claim
 .text.usbd_edpt_release
                0x0000000010005a8c       0x4c CMakeFiles/0x04_int.dir/Users/developer/pico/pico-sdk/lib/tinyusb/src/device/usbd.c.obj
                0x0000000010005a8c                usbd_edpt_release
 .text.usbd_edpt_xfer
                0x0000000010005ad8       0x48 CMakeFiles/0x04_int.dir/Users/developer/pico/pico-sdk/lib/tinyusb/src/device/usbd.c.obj
                0x0000000010005ad8                usbd_edpt_xfer
 .text.tud_control_status
                0x0000000010005b20       0x30 CMakeFiles/0x04_int.dir/Users/developer/pico/pico-sdk/lib/tinyusb/src/device/usbd_control.c.obj
                0x0000000010005b20                tud_control_status
 .text.tud_control_xfer
                0x0000000010005b50       0xb8 CMakeFiles/0x04_int.dir/Users/developer/pico/pico-sdk/lib/tinyusb/src/device/usbd_control.c.obj
                0x0000000010005b50                tud_control_xfer
 .text.usbd_control_reset
                0x0000000010005c08       0x14 CMakeFiles/0x04_int.dir/Users/developer/pico/pico-sdk/lib/tinyusb/src/device/usbd_control.c.obj
                0x0000000010005c08                usbd_control_reset
 .text.usbd_control_set_complete_callback
                0x0000000010005c1c        0xc CMakeFiles/0x04_int.dir/Users/developer/pico/pico-sdk/lib/tinyusb/src/device/usbd_control.c.obj
                0x0000000010005c1c                usbd_control_set_complete_callback
 .text.usbd_control_set_request
                0x0000000010005c28       0x1c CMakeFiles/0x04_int.dir/Users/developer/pico/pico-sdk/lib/tinyusb/src/device/usbd_control.c.obj
                0x0000000010005c28                usbd_control_set_request
 .text.usbd_control_xfer_cb
                0x0000000010005c44       0xe8 CMakeFiles/0x04_int.dir/Users/developer/pico/pico-sdk/lib/tinyusb/src/device/usbd_control.c.obj
                0x0000000010005c44                usbd_control_xfer_cb
 .text.tud_cdc_n_connected
                0x0000000010005d2c       0x34 CMakeFiles/0x04_int.dir/Users/developer/pico/pico-sdk/lib/tinyusb/src/class/cdc/cdc_device.c.obj
                0x0000000010005d2c                tud_cdc_n_connected
 .text.tud_cdc_n_available
                0x0000000010005d60       0x20 CMakeFiles/0x04_int.dir/Users/developer/pico/pico-sdk/lib/tinyusb/src/class/cdc/cdc_device.c.obj
                0x0000000010005d60                tud_cdc_n_available
 .text.tud_cdc_n_read
                0x0000000010005d80       0x74 CMakeFiles/0x04_int.dir/Users/developer/pico/pico-sdk/lib/tinyusb/src/class/cdc/cdc_device.c.obj
                0x0000000010005d80                tud_cdc_n_read
 .text.tud_cdc_n_write_flush
                0x0000000010005df4       0xa4 CMakeFiles/0x04_int.dir/Users/developer/pico/pico-sdk/lib/tinyusb/src/class/cdc/cdc_device.c.obj
                0x0000000010005df4                tud_cdc_n_write_flush
 .text.tud_cdc_n_write
                0x0000000010005e98       0x38 CMakeFiles/0x04_int.dir/Users/developer/pico/pico-sdk/lib/tinyusb/src/class/cdc/cdc_device.c.obj
                0x0000000010005e98                tud_cdc_n_write
 .text.tud_cdc_n_write_available
                0x0000000010005ed0       0x20 CMakeFiles/0x04_int.dir/Users/developer/pico/pico-sdk/lib/tinyusb/src/class/cdc/cdc_device.c.obj
                0x0000000010005ed0                tud_cdc_n_write_available
 .text.cdcd_init
                0x0000000010005ef0       0x78 CMakeFiles/0x04_int.dir/Users/developer/pico/pico-sdk/lib/tinyusb/src/class/cdc/cdc_device.c.obj
                0x0000000010005ef0                cdcd_init
 .text.cdcd_reset
                0x0000000010005f68       0x24 CMakeFiles/0x04_int.dir/Users/developer/pico/pico-sdk/lib/tinyusb/src/class/cdc/cdc_device.c.obj
                0x0000000010005f68                cdcd_reset
 .text.cdcd_open
                0x0000000010005f8c       0xec CMakeFiles/0x04_int.dir/Users/developer/pico/pico-sdk/lib/tinyusb/src/class/cdc/cdc_device.c.obj
                0x0000000010005f8c                cdcd_open
 .text.cdcd_control_complete
                0x0000000010006078       0x44 CMakeFiles/0x04_int.dir/Users/developer/pico/pico-sdk/lib/tinyusb/src/class/cdc/cdc_device.c.obj
                0x0000000010006078                cdcd_control_complete
 .text.cdcd_control_request
                0x00000000100060bc       0x68 CMakeFiles/0x04_int.dir/Users/developer/pico/pico-sdk/lib/tinyusb/src/class/cdc/cdc_device.c.obj
                0x00000000100060bc                cdcd_control_request
 .text.cdcd_xfer_cb
                0x0000000010006124      0x1b4 CMakeFiles/0x04_int.dir/Users/developer/pico/pico-sdk/lib/tinyusb/src/class/cdc/cdc_device.c.obj
                0x0000000010006124                cdcd_xfer_cb
 .text.tusb_init
                0x00000000100062d8       0x20 CMakeFiles/0x04_int.dir/Users/developer/pico/pico-sdk/lib/tinyusb/src/tusb.c.obj
                0x00000000100062d8                tusb_init
 .text.tusb_inited
                0x00000000100062f8        0xc CMakeFiles/0x04_int.dir/Users/developer/pico/pico-sdk/lib/tinyusb/src/tusb.c.obj
                0x00000000100062f8                tusb_inited
 .text.tu_fifo_config
                0x0000000010006304       0x78 CMakeFiles/0x04_int.dir/Users/developer/pico/pico-sdk/lib/tinyusb/src/common/tusb_fifo.c.obj
                0x0000000010006304                tu_fifo_config
 .text.tu_fifo_count
                0x000000001000637c       0x18 CMakeFiles/0x04_int.dir/Users/developer/pico/pico-sdk/lib/tinyusb/src/common/tusb_fifo.c.obj
                0x000000001000637c                tu_fifo_count
 .text.tu_fifo_remaining
                0x0000000010006394       0x1c CMakeFiles/0x04_int.dir/Users/developer/pico/pico-sdk/lib/tinyusb/src/common/tusb_fifo.c.obj
                0x0000000010006394                tu_fifo_remaining
 .text.tu_fifo_read
                0x00000000100063b0       0xa8 CMakeFiles/0x04_int.dir/Users/developer/pico/pico-sdk/lib/tinyusb/src/common/tusb_fifo.c.obj
                0x00000000100063b0                tu_fifo_read
 .text.tu_fifo_read_n
                0x0000000010006458       0xf0 CMakeFiles/0x04_int.dir/Users/developer/pico/pico-sdk/lib/tinyusb/src/common/tusb_fifo.c.obj
                0x0000000010006458                tu_fifo_read_n
 .text.tu_fifo_write
                0x0000000010006548       0x84 CMakeFiles/0x04_int.dir/Users/developer/pico/pico-sdk/lib/tinyusb/src/common/tusb_fifo.c.obj
                0x0000000010006548                tu_fifo_write
 .text.tu_fifo_write_n
                0x00000000100065cc       0xfc CMakeFiles/0x04_int.dir/Users/developer/pico/pico-sdk/lib/tinyusb/src/common/tusb_fifo.c.obj
                0x00000000100065cc                tu_fifo_write_n
 .text.tu_fifo_clear
                0x00000000100066c8       0x2c CMakeFiles/0x04_int.dir/Users/developer/pico/pico-sdk/lib/tinyusb/src/common/tusb_fifo.c.obj
                0x00000000100066c8                tu_fifo_clear
 .text.calloc   0x00000000100066f4       0x18 /usr/local/Caskroom/gcc-arm-embedded/9-2020-q2-update/gcc-arm-none-eabi-9-2020-q2-update/bin/../lib/gcc/arm-none-eabi/9.3.1/../../../../arm-none-eabi/lib/thumb/v6-m/nofp/libc.a(lib_a-calloc.o)
                0x00000000100066f4                calloc
 .text._calloc_r
                0x000000001000670c       0x5c /usr/local/Caskroom/gcc-arm-embedded/9-2020-q2-update/gcc-arm-none-eabi-9-2020-q2-update/bin/../lib/gcc/arm-none-eabi/9.3.1/../../../../arm-none-eabi/lib/thumb/v6-m/nofp/libc.a(lib_a-callocr.o)
                0x000000001000670c                _calloc_r
 .text.malloc   0x0000000010006768       0x14 /usr/local/Caskroom/gcc-arm-embedded/9-2020-q2-update/gcc-arm-none-eabi-9-2020-q2-update/bin/../lib/gcc/arm-none-eabi/9.3.1/../../../../arm-none-eabi/lib/thumb/v6-m/nofp/libc.a(lib_a-malloc.o)
                0x0000000010006768                malloc
 .text._malloc_r
                0x000000001000677c      0x580 /usr/local/Caskroom/gcc-arm-embedded/9-2020-q2-update/gcc-arm-none-eabi-9-2020-q2-update/bin/../lib/gcc/arm-none-eabi/9.3.1/../../../../arm-none-eabi/lib/thumb/v6-m/nofp/libc.a(lib_a-mallocr.o)
                0x000000001000677c                _malloc_r
 .text.__malloc_lock
                0x0000000010006cfc       0x10 /usr/local/Caskroom/gcc-arm-embedded/9-2020-q2-update/gcc-arm-none-eabi-9-2020-q2-update/bin/../lib/gcc/arm-none-eabi/9.3.1/../../../../arm-none-eabi/lib/thumb/v6-m/nofp/libc.a(lib_a-mlock.o)
                0x0000000010006cfc                __malloc_lock
 .text.__malloc_unlock
                0x0000000010006d0c       0x10 /usr/local/Caskroom/gcc-arm-embedded/9-2020-q2-update/gcc-arm-none-eabi-9-2020-q2-update/bin/../lib/gcc/arm-none-eabi/9.3.1/../../../../arm-none-eabi/lib/thumb/v6-m/nofp/libc.a(lib_a-mlock.o)
                0x0000000010006d0c                __malloc_unlock
 .text._sbrk_r  0x0000000010006d1c       0x24 /usr/local/Caskroom/gcc-arm-embedded/9-2020-q2-update/gcc-arm-none-eabi-9-2020-q2-update/bin/../lib/gcc/arm-none-eabi/9.3.1/../../../../arm-none-eabi/lib/thumb/v6-m/nofp/libc.a(lib_a-sbrkr.o)
                0x0000000010006d1c                _sbrk_r
 .text.strlen   0x0000000010006d40       0x5c /usr/local/Caskroom/gcc-arm-embedded/9-2020-q2-update/gcc-arm-none-eabi-9-2020-q2-update/bin/../lib/gcc/arm-none-eabi/9.3.1/../../../../arm-none-eabi/lib/thumb/v6-m/nofp/libc.a(lib_a-strlen-stub.o)
                0x0000000010006d40                strlen
 .text._malloc_trim_r
                0x0000000010006d9c       0x9c /usr/local/Caskroom/gcc-arm-embedded/9-2020-q2-update/gcc-arm-none-eabi-9-2020-q2-update/bin/../lib/gcc/arm-none-eabi/9.3.1/../../../../arm-none-eabi/lib/thumb/v6-m/nofp/libc.a(lib_a-freer.o)
                0x0000000010006d9c                _malloc_trim_r
 .text._free_r  0x0000000010006e38      0x1c4 /usr/local/Caskroom/gcc-arm-embedded/9-2020-q2-update/gcc-arm-none-eabi-9-2020-q2-update/bin/../lib/gcc/arm-none-eabi/9.3.1/../../../../arm-none-eabi/lib/thumb/v6-m/nofp/libc.a(lib_a-freer.o)
                0x0000000010006e38                _free_r
 .text.__retarget_lock_acquire_recursive
                0x0000000010006ffc        0x4 /usr/local/Caskroom/gcc-arm-embedded/9-2020-q2-update/gcc-arm-none-eabi-9-2020-q2-update/bin/../lib/gcc/arm-none-eabi/9.3.1/../../../../arm-none-eabi/lib/thumb/v6-m/nofp/libc.a(lib_a-lock.o)
                0x0000000010006ffc                __retarget_lock_acquire_recursive
 .text.__retarget_lock_release_recursive
                0x0000000010007000        0x4 /usr/local/Caskroom/gcc-arm-embedded/9-2020-q2-update/gcc-arm-none-eabi-9-2020-q2-update/bin/../lib/gcc/arm-none-eabi/9.3.1/../../../../arm-none-eabi/lib/thumb/v6-m/nofp/libc.a(lib_a-lock.o)
                0x0000000010007000                __retarget_lock_release_recursive
 *(.fini)
 .fini          0x0000000010007004        0x4 /usr/local/Caskroom/gcc-arm-embedded/9-2020-q2-update/gcc-arm-none-eabi-9-2020-q2-update/bin/../lib/gcc/arm-none-eabi/9.3.1/thumb/v6-m/nofp/crti.o
                0x0000000010007004                _fini
 .fini.__stub   0x0000000010007008       0x60 linker stubs
 *crtbegin.o(.ctors)
 *crtbegin?.o(.ctors)
 *(EXCLUDE_FILE(*crtend.o *crtend?.o) .ctors)
 *(SORT_BY_NAME(.ctors.*))
 *(.ctors)
 *crtbegin.o(.dtors)
 *crtbegin?.o(.dtors)
 *(EXCLUDE_FILE(*crtend.o *crtend?.o) .dtors)
 *(SORT_BY_NAME(.dtors.*))
 *(.dtors)
 *(.eh_frame*)
 .eh_frame      0x0000000010007068        0x0 /usr/local/Caskroom/gcc-arm-embedded/9-2020-q2-update/gcc-arm-none-eabi-9-2020-q2-update/bin/../lib/gcc/arm-none-eabi/9.3.1/thumb/v6-m/nofp/crtbegin.o
                0x0000000010007068                . = ALIGN (0x4)

.glue_7         0x0000000010007068        0x0
 .glue_7        0x0000000010007068        0x0 linker stubs

.glue_7t        0x0000000010007068        0x0
 .glue_7t       0x0000000010007068        0x0 linker stubs

.vfp11_veneer   0x0000000010007068        0x0
 .vfp11_veneer  0x0000000010007068        0x0 linker stubs

.v4_bx          0x0000000010007068        0x0
 .v4_bx         0x0000000010007068        0x0 linker stubs

.iplt           0x0000000010007068        0x0
 .iplt          0x0000000010007068        0x0 /usr/local/Caskroom/gcc-arm-embedded/9-2020-q2-update/gcc-arm-none-eabi-9-2020-q2-update/bin/../lib/gcc/arm-none-eabi/9.3.1/thumb/v6-m/nofp/crtbegin.o

.rodata         0x0000000010007068      0x558
 *(EXCLUDE_FILE(*libm.a: *libc.a:*lib_a-mem*.o *libgcc.a:) .rodata*)
 .rodata.main.str1.4
                0x0000000010007068        0x4 CMakeFiles/0x04_int.dir/0x04_int.c.obj
 .rodata.spin_lock_claim_unused.str1.4
                0x000000001000706c       0x1b CMakeFiles/0x04_int.dir/Users/developer/pico/pico-sdk/src/rp2_common/hardware_sync/sync.c.obj
 *fill*         0x0000000010007087        0x1 
 .rodata.hardware_alarm_claim.str1.4
                0x0000000010007088       0x22 CMakeFiles/0x04_int.dir/Users/developer/pico/pico-sdk/src/rp2_common/hardware_timer/timer.c.obj
 *fill*         0x00000000100070aa        0x2 
 .rodata.panic.str1.4
                0x00000000100070ac       0x12 CMakeFiles/0x04_int.dir/Users/developer/pico/pico-sdk/src/rp2_common/pico_runtime/runtime.c.obj
 *fill*         0x00000000100070be        0x2 
 .rodata.hard_assertion_failure.str1.4
                0x00000000100070c0        0xc CMakeFiles/0x04_int.dir/Users/developer/pico/pico-sdk/src/rp2_common/pico_runtime/runtime.c.obj
 .rodata._ftoa.str1.4
                0x00000000100070cc       0x15 CMakeFiles/0x04_int.dir/Users/developer/pico/pico-sdk/src/rp2_common/pico_printf/printf.c.obj
 *fill*         0x00000000100070e1        0x3 
 .rodata._vsnprintf
                0x00000000100070e4      0x1e0 CMakeFiles/0x04_int.dir/Users/developer/pico/pico-sdk/src/rp2_common/pico_printf/printf.c.obj
 *fill*         0x00000000100072c4        0x4 
 .rodata.pow10.5433
                0x00000000100072c8       0x50 CMakeFiles/0x04_int.dir/Users/developer/pico/pico-sdk/src/rp2_common/pico_printf/printf.c.obj
 .rodata.str1.4
                0x0000000010007318       0x30 CMakeFiles/0x04_int.dir/Users/developer/pico/pico-sdk/src/rp2_common/pico_standard_link/binary_info.c.obj
 .rodata.__bi_40
                0x0000000010007348        0xc CMakeFiles/0x04_int.dir/Users/developer/pico/pico-sdk/src/rp2_common/pico_standard_link/binary_info.c.obj
 .rodata.__bi_71
                0x0000000010007354        0xc CMakeFiles/0x04_int.dir/Users/developer/pico/pico-sdk/src/rp2_common/pico_standard_link/binary_info.c.obj
 .rodata.crlf_str.5970
                0x0000000010007360        0x2 CMakeFiles/0x04_int.dir/Users/developer/pico/pico-sdk/src/rp2_common/pico_stdio/stdio.c.obj
 *fill*         0x0000000010007362        0x2 
 .rodata.str1.4
                0x0000000010007364       0x2c CMakeFiles/0x04_int.dir/Users/developer/pico/pico-sdk/src/rp2_common/pico_stdio_uart/stdio_uart.c.obj
 .rodata.__bi_27.4687
                0x0000000010007390        0xc CMakeFiles/0x04_int.dir/Users/developer/pico/pico-sdk/src/rp2_common/pico_stdio_uart/stdio_uart.c.obj
 .rodata.__bi_28.4691
                0x000000001000739c        0x8 CMakeFiles/0x04_int.dir/Users/developer/pico/pico-sdk/src/rp2_common/pico_stdio_uart/stdio_uart.c.obj
 .rodata.str1.4
                0x00000000100073a4       0x13 CMakeFiles/0x04_int.dir/Users/developer/pico/pico-sdk/src/rp2_common/pico_stdio_usb/stdio_usb.c.obj
 *fill*         0x00000000100073b7        0x1 
 .rodata.__bi_93.6992
                0x00000000100073b8        0xc CMakeFiles/0x04_int.dir/Users/developer/pico/pico-sdk/src/rp2_common/pico_stdio_usb/stdio_usb.c.obj
 .rodata.str1.4
                0x00000000100073c4       0x32 CMakeFiles/0x04_int.dir/Users/developer/pico/pico-sdk/src/rp2_common/pico_stdio_usb/stdio_usb_descriptors.c.obj
 *fill*         0x00000000100073f6        0x2 
 .rodata.usbd_desc_cfg
                0x00000000100073f8       0x4b CMakeFiles/0x04_int.dir/Users/developer/pico/pico-sdk/src/rp2_common/pico_stdio_usb/stdio_usb_descriptors.c.obj
 *fill*         0x0000000010007443        0x1 
 .rodata.usbd_desc_device
                0x0000000010007444       0x12 CMakeFiles/0x04_int.dir/Users/developer/pico/pico-sdk/src/rp2_common/pico_stdio_usb/stdio_usb_descriptors.c.obj
 *fill*         0x0000000010007456        0x2 
 .rodata.usbd_desc_str
                0x0000000010007458       0x14 CMakeFiles/0x04_int.dir/Users/developer/pico/pico-sdk/src/rp2_common/pico_stdio_usb/stdio_usb_descriptors.c.obj
 .rodata.dcd_rp2040_irq.str1.4
                0x000000001000746c       0x14 CMakeFiles/0x04_int.dir/Users/developer/pico/pico-sdk/lib/tinyusb/src/portable/raspberrypi/rp2040/dcd_rp2040.c.obj
 .rodata.dcd_edpt_open.str1.4
                0x0000000010007480       0x28 CMakeFiles/0x04_int.dir/Users/developer/pico/pico-sdk/lib/tinyusb/src/portable/raspberrypi/rp2040/dcd_rp2040.c.obj
 .rodata._hw_endpoint_buffer_control_update32.str1.4
                0x00000000100074a8       0x1f CMakeFiles/0x04_int.dir/Users/developer/pico/pico-sdk/lib/tinyusb/src/portable/raspberrypi/rp2040/rp2040_usb.c.obj
 *fill*         0x00000000100074c7        0x1 
 .rodata._hw_endpoint_xfer_continue.str1.4
                0x00000000100074c8       0x50 CMakeFiles/0x04_int.dir/Users/developer/pico/pico-sdk/lib/tinyusb/src/portable/raspberrypi/rp2040/rp2040_usb.c.obj
 .rodata.str1.4
                0x0000000010007518       0x50 CMakeFiles/0x04_int.dir/Users/developer/pico/pico-sdk/lib/tinyusb/src/portable/raspberrypi/rp2040/rp2040_usb.c.obj
                                          0x7 (size before relaxing)
 .rodata.tud_task
                0x0000000010007518       0x8c CMakeFiles/0x04_int.dir/Users/developer/pico/pico-sdk/lib/tinyusb/src/device/usbd.c.obj
 .rodata._usbd_driver
                0x00000000100075a4       0x1c CMakeFiles/0x04_int.dir/Users/developer/pico/pico-sdk/lib/tinyusb/src/device/usbd.c.obj
                0x00000000100075c0                . = ALIGN (0x4)
 *(SORT_BY_ALIGNMENT(SORT_BY_NAME(.flashdata*)))
                0x00000000100075c0                . = ALIGN (0x4)

.rel.dyn        0x00000000100075c0        0x0
 .rel.iplt      0x00000000100075c0        0x0 /usr/local/Caskroom/gcc-arm-embedded/9-2020-q2-update/gcc-arm-none-eabi-9-2020-q2-update/bin/../lib/gcc/arm-none-eabi/9.3.1/thumb/v6-m/nofp/crtbegin.o

.ARM.extab
 *(.ARM.extab* .gnu.linkonce.armextab.*)
                0x00000000100075c0                __exidx_start = .

.ARM.exidx
 *(.ARM.exidx* .gnu.linkonce.armexidx.*)
                0x00000000100075c0                __exidx_end = .
                0x00000000100075c0                . = ALIGN (0x4)
                0x00000000100075c0                __binary_info_start = .

.binary_info    0x00000000100075c0       0x24
 *(.binary_info.keep.*)
 .binary_info.keep.__bi_ptr18
                0x00000000100075c0        0x4 CMakeFiles/0x04_int.dir/Users/developer/pico/pico-sdk/src/rp2_common/pico_standard_link/binary_info.c.obj
 .binary_info.keep.__bi_ptr26
                0x00000000100075c4        0x4 CMakeFiles/0x04_int.dir/Users/developer/pico/pico-sdk/src/rp2_common/pico_standard_link/binary_info.c.obj
 .binary_info.keep.__bi_ptr34
                0x00000000100075c8        0x4 CMakeFiles/0x04_int.dir/Users/developer/pico/pico-sdk/src/rp2_common/pico_standard_link/binary_info.c.obj
 .binary_info.keep.__bi_ptr40
                0x00000000100075cc        0x4 CMakeFiles/0x04_int.dir/Users/developer/pico/pico-sdk/src/rp2_common/pico_standard_link/binary_info.c.obj
 .binary_info.keep.__bi_ptr46
                0x00000000100075d0        0x4 CMakeFiles/0x04_int.dir/Users/developer/pico/pico-sdk/src/rp2_common/pico_standard_link/binary_info.c.obj
 .binary_info.keep.__bi_ptr71
                0x00000000100075d4        0x4 CMakeFiles/0x04_int.dir/Users/developer/pico/pico-sdk/src/rp2_common/pico_standard_link/binary_info.c.obj
 *(.binary_info.*)
 .binary_info.__bi_ptr27
                0x00000000100075d8        0x4 CMakeFiles/0x04_int.dir/Users/developer/pico/pico-sdk/src/rp2_common/pico_stdio_uart/stdio_uart.c.obj
 .binary_info.__bi_ptr28
                0x00000000100075dc        0x4 CMakeFiles/0x04_int.dir/Users/developer/pico/pico-sdk/src/rp2_common/pico_stdio_uart/stdio_uart.c.obj
 .binary_info.__bi_ptr93
                0x00000000100075e0        0x4 CMakeFiles/0x04_int.dir/Users/developer/pico/pico-sdk/src/rp2_common/pico_stdio_usb/stdio_usb.c.obj
                0x00000000100075e4                __binary_info_end = .
                0x00000000100075e4                . = ALIGN (0x4)
                0x00000000100075e4                __etext = .

.ram_vector_table
                0x0000000020000000       0xc0
 *(.ram_vector_table)
 .ram_vector_table
                0x0000000020000000       0xc0 CMakeFiles/0x04_int.dir/Users/developer/pico/pico-sdk/src/rp2_common/pico_runtime/runtime.c.obj
                0x0000000020000000                ram_vector_table

.data           0x00000000200000c0      0xaac load address 0x00000000100075e4
                0x00000000200000c0                __data_start__ = .
 *(vtable)
 *(.time_critical*)
 .time_critical.mutex_enter_blocking
                0x00000000200000c0       0x50 CMakeFiles/0x04_int.dir/Users/developer/pico/pico-sdk/src/common/pico_sync/mutex.c.obj
                0x00000000200000c0                mutex_enter_blocking
 .time_critical.mutex_try_enter
                0x0000000020000110       0x4c CMakeFiles/0x04_int.dir/Users/developer/pico/pico-sdk/src/common/pico_sync/mutex.c.obj
                0x0000000020000110                mutex_try_enter
 .time_critical.mutex_enter_timeout_ms
                0x000000002000015c       0x98 CMakeFiles/0x04_int.dir/Users/developer/pico/pico-sdk/src/common/pico_sync/mutex.c.obj
                0x000000002000015c                mutex_enter_timeout_ms
 .time_critical.mutex_exit
                0x00000000200001f4       0x28 CMakeFiles/0x04_int.dir/Users/developer/pico/pico-sdk/src/common/pico_sync/mutex.c.obj
                0x00000000200001f4                mutex_exit
 *(.text*)
 .text          0x000000002000021c        0x4 /usr/local/Caskroom/gcc-arm-embedded/9-2020-q2-update/gcc-arm-none-eabi-9-2020-q2-update/bin/../lib/gcc/arm-none-eabi/9.3.1/thumb/v6-m/nofp/libgcc.a(_dvmd_tls.o)
                0x000000002000021c                __aeabi_ldiv0
                0x000000002000021c                __aeabi_idiv0
 .text.__stub   0x0000000020000220       0x30 linker stubs
                0x0000000020000250                . = ALIGN (0x4)
 *(.rodata*)
                0x0000000020000250                . = ALIGN (0x4)
 *(.data*)
 .data.striped_spin_lock_num
                0x0000000020000250        0x1 CMakeFiles/0x04_int.dir/Users/developer/pico/pico-sdk/src/rp2_common/hardware_sync/sync.c.obj
 *fill*         0x0000000020000251        0x3 
 .data          0x0000000020000254       0x48 CMakeFiles/0x04_int.dir/Users/developer/pico/pico-sdk/src/rp2_common/hardware_irq/irq_handler_chain.S.obj
                0x0000000020000254                irq_handler_chain_slots
                0x0000000020000284                irq_handler_chain_first_slot
                0x000000002000028e                irq_handler_chain_remove_tail
 *fill*         0x000000002000029c        0x4 
 .data.aeabi_bits_funcs
                0x00000000200002a0       0x10 CMakeFiles/0x04_int.dir/Users/developer/pico/pico-sdk/src/rp2_common/pico_bit_ops/bit_ops_aeabi.S.obj
                0x00000000200002a0                aeabi_bits_funcs
                0x00000000200002b0                aeabi_bits_funcs_end
 .data.aeabi_mem_funcs
                0x00000000200002b0       0x10 CMakeFiles/0x04_int.dir/Users/developer/pico/pico-sdk/src/rp2_common/pico_mem_ops/mem_ops_aeabi.S.obj
                0x00000000200002b0                aeabi_mem_funcs
                0x00000000200002c0                aeabi_mem_funcs_end
 .data.stdio_uart
                0x00000000200002c0       0x14 CMakeFiles/0x04_int.dir/Users/developer/pico/pico-sdk/src/rp2_common/pico_stdio_uart/stdio_uart.c.obj
                0x00000000200002c0                stdio_uart
 .data.stdio_usb
                0x00000000200002d4       0x14 CMakeFiles/0x04_int.dir/Users/developer/pico/pico-sdk/src/rp2_common/pico_stdio_usb/stdio_usb.c.obj
                0x00000000200002d4                stdio_usb
 .data.ep_dir_string
                0x00000000200002e8        0x8 CMakeFiles/0x04_int.dir/Users/developer/pico/pico-sdk/lib/tinyusb/src/portable/raspberrypi/rp2040/rp2040_usb.c.obj
                0x00000000200002e8                ep_dir_string
 .data._usbd_qdef
                0x00000000200002f0       0x20 CMakeFiles/0x04_int.dir/Users/developer/pico/pico-sdk/lib/tinyusb/src/device/usbd.c.obj
                0x00000000200002f0                _usbd_qdef
 .data._impure_ptr
                0x0000000020000310        0x4 /usr/local/Caskroom/gcc-arm-embedded/9-2020-q2-update/gcc-arm-none-eabi-9-2020-q2-update/bin/../lib/gcc/arm-none-eabi/9.3.1/../../../../arm-none-eabi/lib/thumb/v6-m/nofp/libc.a(lib_a-impure.o)
                0x0000000020000310                _impure_ptr
 *fill*         0x0000000020000314        0x4 
 .data.impure_data
                0x0000000020000318      0x428 /usr/local/Caskroom/gcc-arm-embedded/9-2020-q2-update/gcc-arm-none-eabi-9-2020-q2-update/bin/../lib/gcc/arm-none-eabi/9.3.1/../../../../arm-none-eabi/lib/thumb/v6-m/nofp/libc.a(lib_a-impure.o)
 .data.__malloc_av_
                0x0000000020000740      0x408 /usr/local/Caskroom/gcc-arm-embedded/9-2020-q2-update/gcc-arm-none-eabi-9-2020-q2-update/bin/../lib/gcc/arm-none-eabi/9.3.1/../../../../arm-none-eabi/lib/thumb/v6-m/nofp/libc.a(lib_a-mallocr.o)
                0x0000000020000740                __malloc_av_
 .data.__malloc_sbrk_base
                0x0000000020000b48        0x4 /usr/local/Caskroom/gcc-arm-embedded/9-2020-q2-update/gcc-arm-none-eabi-9-2020-q2-update/bin/../lib/gcc/arm-none-eabi/9.3.1/../../../../arm-none-eabi/lib/thumb/v6-m/nofp/libc.a(lib_a-mallocr.o)
                0x0000000020000b48                __malloc_sbrk_base
 .data.__malloc_trim_threshold
                0x0000000020000b4c        0x4 /usr/local/Caskroom/gcc-arm-embedded/9-2020-q2-update/gcc-arm-none-eabi-9-2020-q2-update/bin/../lib/gcc/arm-none-eabi/9.3.1/../../../../arm-none-eabi/lib/thumb/v6-m/nofp/libc.a(lib_a-mallocr.o)
                0x0000000020000b4c                __malloc_trim_threshold
                0x0000000020000b50                . = ALIGN (0x4)
 *(.after_data.*)
                0x0000000020000b50                . = ALIGN (0x4)
                0x0000000020000b50                PROVIDE (__mutex_array_start = .)
 *(SORT_BY_NAME(.mutex_array.*))
 *(.mutex_array)
 .mutex_array   0x0000000020000b50        0x8 CMakeFiles/0x04_int.dir/Users/developer/pico/pico-sdk/src/rp2_common/pico_stdio/stdio.c.obj
                0x0000000020000b58                PROVIDE (__mutex_array_end = .)
                0x0000000020000b58                . = ALIGN (0x4)
                0x0000000020000b58                PROVIDE (__preinit_array_start = .)
 *(SORT_BY_NAME(.preinit_array.*))
 .preinit_array.00001
                0x0000000020000b58        0x4 CMakeFiles/0x04_int.dir/Users/developer/pico/pico-sdk/src/rp2_common/pico_mem_ops/mem_ops_aeabi.S.obj
 .preinit_array.00010
                0x0000000020000b5c        0x4 CMakeFiles/0x04_int.dir/Users/developer/pico/pico-sdk/src/rp2_common/pico_bit_ops/bit_ops_aeabi.S.obj
 .preinit_array.00020
                0x0000000020000b60        0x4 CMakeFiles/0x04_int.dir/Users/developer/pico/pico-sdk/src/rp2_common/pico_double/double_aeabi.S.obj
 .preinit_array.00020
                0x0000000020000b64        0x4 CMakeFiles/0x04_int.dir/Users/developer/pico/pico-sdk/src/rp2_common/pico_float/float_aeabi.S.obj
 *(.preinit_array)
                0x0000000020000b68                PROVIDE (__preinit_array_end = .)
                0x0000000020000b68                . = ALIGN (0x4)
                0x0000000020000b68                PROVIDE (__init_array_start = .)
 *(SORT_BY_NAME(.init_array.*))
 *(.init_array)
 .init_array    0x0000000020000b68        0x4 /usr/local/Caskroom/gcc-arm-embedded/9-2020-q2-update/gcc-arm-none-eabi-9-2020-q2-update/bin/../lib/gcc/arm-none-eabi/9.3.1/thumb/v6-m/nofp/crtbegin.o
                0x0000000020000b6c                PROVIDE (__init_array_end = .)
                0x0000000020000b6c                . = ALIGN (0x4)
                [!provide]                        PROVIDE (__fini_array_start = .)
 *(SORT_BY_NAME(.fini_array.*))
 *(.fini_array)
                [!provide]                        PROVIDE (__fini_array_end = .)
 *(.jcr)
                0x0000000020000b6c                . = ALIGN (0x4)
                0x0000000020000b6c                __data_end__ = .

.igot.plt       0x0000000020000b6c        0x0 load address 0x0000000010008090
 .igot.plt      0x0000000020000b6c        0x0 /usr/local/Caskroom/gcc-arm-embedded/9-2020-q2-update/gcc-arm-none-eabi-9-2020-q2-update/bin/../lib/gcc/arm-none-eabi/9.3.1/thumb/v6-m/nofp/crtbegin.o

.uninitialized_data
                0x0000000020000b6c        0x0 load address 0x0000000010008090
                0x0000000020000b6c                . = ALIGN (0x4)
 *(.uninitialized_data*)

.scratch_x      0x0000000020040000        0x0 load address 0x0000000010008090
                0x0000000020040000                __scratch_x_start__ = .
 *(.scratch_x.*)
                0x0000000020040000                . = ALIGN (0x4)
                0x0000000020040000                __scratch_x_end__ = .
                0x0000000010008090                __scratch_x_source__ = LOADADDR (.scratch_x)

.scratch_y      0x0000000020041000        0x0 load address 0x0000000010008090
                0x0000000020041000                __scratch_y_start__ = .
 *(.scratch_y.*)
                0x0000000020041000                . = ALIGN (0x4)
                0x0000000020041000                __scratch_y_end__ = .
                0x0000000010008090                __scratch_y_source__ = LOADADDR (.scratch_y)

.bss            0x0000000020000b70      0xde4
                0x0000000020000b70                . = ALIGN (0x4)
                0x0000000020000b70                __bss_start__ = .
 *(SORT_BY_ALIGNMENT(SORT_BY_NAME(.bss*)))
 .bss.last_avail_time.6971
                0x0000000020000b70        0x8 CMakeFiles/0x04_int.dir/Users/developer/pico/pico-sdk/src/rp2_common/pico_stdio_usb/stdio_usb.c.obj
 .bss           0x0000000020000b78       0x1c /usr/local/Caskroom/gcc-arm-embedded/9-2020-q2-update/gcc-arm-none-eabi-9-2020-q2-update/bin/../lib/gcc/arm-none-eabi/9.3.1/thumb/v6-m/nofp/crtbegin.o
 .bss.__malloc_current_mallinfo
                0x0000000020000b94       0x28 /usr/local/Caskroom/gcc-arm-embedded/9-2020-q2-update/gcc-arm-none-eabi-9-2020-q2-update/bin/../lib/gcc/arm-none-eabi/9.3.1/../../../../arm-none-eabi/lib/thumb/v6-m/nofp/libc.a(lib_a-mallocr.o)
                0x0000000020000b94                __malloc_current_mallinfo
 .bss.__malloc_max_sbrked_mem
                0x0000000020000bbc        0x4 /usr/local/Caskroom/gcc-arm-embedded/9-2020-q2-update/gcc-arm-none-eabi-9-2020-q2-update/bin/../lib/gcc/arm-none-eabi/9.3.1/../../../../arm-none-eabi/lib/thumb/v6-m/nofp/libc.a(lib_a-mallocr.o)
                0x0000000020000bbc                __malloc_max_sbrked_mem
 .bss.__malloc_max_total_mem
                0x0000000020000bc0        0x4 /usr/local/Caskroom/gcc-arm-embedded/9-2020-q2-update/gcc-arm-none-eabi-9-2020-q2-update/bin/../lib/gcc/arm-none-eabi/9.3.1/../../../../arm-none-eabi/lib/thumb/v6-m/nofp/libc.a(lib_a-mallocr.o)
                0x0000000020000bc0                __malloc_max_total_mem
 .bss.__malloc_top_pad
                0x0000000020000bc4        0x4 /usr/local/Caskroom/gcc-arm-embedded/9-2020-q2-update/gcc-arm-none-eabi-9-2020-q2-update/bin/../lib/gcc/arm-none-eabi/9.3.1/../../../../arm-none-eabi/lib/thumb/v6-m/nofp/libc.a(lib_a-mallocr.o)
                0x0000000020000bc4                __malloc_top_pad
 .bss._app_driver
                0x0000000020000bc8        0x4 CMakeFiles/0x04_int.dir/Users/developer/pico/pico-sdk/lib/tinyusb/src/device/usbd.c.obj
 .bss._cdcd_itf
                0x0000000020000bcc      0x2d0 CMakeFiles/0x04_int.dir/Users/developer/pico/pico-sdk/lib/tinyusb/src/class/cdc/cdc_device.c.obj
 .bss._ctrl_xfer
                0x0000000020000e9c       0x14 CMakeFiles/0x04_int.dir/Users/developer/pico/pico-sdk/lib/tinyusb/src/device/usbd_control.c.obj
 .bss._ubsd_mutexdef
                0x0000000020000eb0        0x8 CMakeFiles/0x04_int.dir/Users/developer/pico/pico-sdk/lib/tinyusb/src/device/usbd.c.obj
 .bss._usbd_ctrl_buf
                0x0000000020000eb8       0x40 CMakeFiles/0x04_int.dir/Users/developer/pico/pico-sdk/lib/tinyusb/src/device/usbd_control.c.obj
 .bss._usbd_dev
                0x0000000020000ef8       0x37 CMakeFiles/0x04_int.dir/Users/developer/pico/pico-sdk/lib/tinyusb/src/device/usbd.c.obj
 *fill*         0x0000000020000f2f        0x1 
 .bss._usbd_mutex
                0x0000000020000f30        0x4 CMakeFiles/0x04_int.dir/Users/developer/pico/pico-sdk/lib/tinyusb/src/device/usbd.c.obj
 .bss._usbd_q   0x0000000020000f34        0x4 CMakeFiles/0x04_int.dir/Users/developer/pico/pico-sdk/lib/tinyusb/src/device/usbd.c.obj
 .bss.alarm_callbacks
                0x0000000020000f38       0x10 CMakeFiles/0x04_int.dir/Users/developer/pico/pico-sdk/src/rp2_common/hardware_timer/timer.c.obj
 .bss.claimed   0x0000000020000f48        0x4 CMakeFiles/0x04_int.dir/Users/developer/pico/pico-sdk/src/rp2_common/hardware_sync/sync.c.obj
 .bss.configured_freq
                0x0000000020000f4c       0x28 CMakeFiles/0x04_int.dir/Users/developer/pico/pico-sdk/src/rp2_common/hardware_clocks/clocks.c.obj
 .bss.default_alarm_pool
                0x0000000020000f74        0x4 CMakeFiles/0x04_int.dir/Users/developer/pico/pico-sdk/src/common/pico_time/time.c.obj
 .bss.desc_str.6854
                0x0000000020000f78       0x28 CMakeFiles/0x04_int.dir/Users/developer/pico/pico-sdk/src/rp2_common/pico_stdio_usb/stdio_usb_descriptors.c.obj
 .bss.drivers   0x0000000020000fa0        0x4 CMakeFiles/0x04_int.dir/Users/developer/pico/pico-sdk/src/rp2_common/pico_stdio/stdio.c.obj
 .bss.filter    0x0000000020000fa4        0x4 CMakeFiles/0x04_int.dir/Users/developer/pico/pico-sdk/src/rp2_common/pico_stdio/stdio.c.obj
 .bss.heap_end.5771
                0x0000000020000fa8        0x4 CMakeFiles/0x04_int.dir/Users/developer/pico/pico-sdk/src/rp2_common/pico_runtime/runtime.c.obj
 .bss.hw_endpoints
                0x0000000020000fac      0x680 CMakeFiles/0x04_int.dir/Users/developer/pico/pico-sdk/lib/tinyusb/src/portable/raspberrypi/rp2040/dcd_rp2040.c.obj
 .bss.lazy_vsnprintf
                0x000000002000162c        0x4 CMakeFiles/0x04_int.dir/Users/developer/pico/pico-sdk/src/rp2_common/pico_printf/printf.c.obj
 .bss.next_buffer_ptr
                0x0000000020001630        0x4 CMakeFiles/0x04_int.dir/Users/developer/pico/pico-sdk/lib/tinyusb/src/portable/raspberrypi/rp2040/dcd_rp2040.c.obj
 .bss.pools     0x0000000020001634       0x10 CMakeFiles/0x04_int.dir/Users/developer/pico/pico-sdk/src/common/pico_time/time.c.obj
 .bss.stdio_usb_mutex
                0x0000000020001644        0x8 CMakeFiles/0x04_int.dir/Users/developer/pico/pico-sdk/src/rp2_common/pico_stdio_usb/stdio_usb.c.obj
 .bss.target_hi
                0x000000002000164c       0x10 CMakeFiles/0x04_int.dir/Users/developer/pico/pico-sdk/src/rp2_common/hardware_timer/timer.c.obj
 .bss._app_driver_count
                0x000000002000165c        0x1 CMakeFiles/0x04_int.dir/Users/developer/pico/pico-sdk/lib/tinyusb/src/device/usbd.c.obj
 .bss._initialized
                0x000000002000165d        0x1 CMakeFiles/0x04_int.dir/Users/developer/pico/pico-sdk/lib/tinyusb/src/tusb.c.obj
 .bss.assigned_address
                0x000000002000165e        0x1 CMakeFiles/0x04_int.dir/Users/developer/pico/pico-sdk/lib/tinyusb/src/portable/raspberrypi/rp2040/dcd_rp2040.c.obj
 .bss.claimed   0x000000002000165f        0x1 CMakeFiles/0x04_int.dir/Users/developer/pico/pico-sdk/src/rp2_common/hardware_timer/timer.c.obj
 .bss.irq_hander_chain_free_slot_head
                0x0000000020001660        0x1 CMakeFiles/0x04_int.dir/Users/developer/pico/pico-sdk/src/rp2_common/hardware_irq/irq.c.obj
 .bss.timer_callbacks_pending
                0x0000000020001661        0x1 CMakeFiles/0x04_int.dir/Users/developer/pico/pico-sdk/src/rp2_common/hardware_timer/timer.c.obj
 *(COMMON)
 *fill*         0x0000000020001662        0x2 
 COMMON         0x0000000020001664        0x4 CMakeFiles/0x04_int.dir/Users/developer/pico/pico-sdk/src/rp2_common/hardware_uart/uart.c.obj
                0x0000000020001664                uart_char_to_line_feed
 COMMON         0x0000000020001668      0x100 CMakeFiles/0x04_int.dir/Users/developer/pico/pico-sdk/src/rp2_common/pico_double/double_init_rom.c.obj
                0x0000000020001668                sd_table
 COMMON         0x0000000020001768      0x104 CMakeFiles/0x04_int.dir/Users/developer/pico/pico-sdk/src/rp2_common/pico_float/float_init_rom.c.obj
                0x0000000020001768                sf_table
                0x0000000020001868                sf_clz_func
 COMMON         0x000000002000186c       0xc0 CMakeFiles/0x04_int.dir/Users/developer/pico/pico-sdk/lib/tinyusb/src/device/usbd.c.obj
                0x000000002000186c                _usbd_qdef_buf
 COMMON         0x000000002000192c       0x21 /usr/local/Caskroom/gcc-arm-embedded/9-2020-q2-update/gcc-arm-none-eabi-9-2020-q2-update/bin/../lib/gcc/arm-none-eabi/9.3.1/../../../../arm-none-eabi/lib/thumb/v6-m/nofp/libc.a(lib_a-lock.o)
                0x000000002000192c                __lock___atexit_recursive_mutex
                0x0000000020001930                __lock___arc4random_mutex
                0x0000000020001934                __lock___env_recursive_mutex
                0x0000000020001938                __lock___sinit_recursive_mutex
                0x000000002000193c                __lock___malloc_recursive_mutex
                0x0000000020001940                __lock___at_quick_exit_mutex
                0x0000000020001944                __lock___dd_hash_mutex
                0x0000000020001948                __lock___tz_mutex
                0x000000002000194c                __lock___sfp_recursive_mutex
 *fill*         0x000000002000194d        0x3 
 COMMON         0x0000000020001950        0x4 /usr/local/Caskroom/gcc-arm-embedded/9-2020-q2-update/gcc-arm-none-eabi-9-2020-q2-update/bin/../lib/gcc/arm-none-eabi/9.3.1/../../../../arm-none-eabi/lib/thumb/v6-m/nofp/libc.a(lib_a-reent.o)
                0x0000000020001950                errno
                0x0000000020001954                . = ALIGN (0x4)
                0x0000000020001954                __bss_end__ = .

.heap           0x0000000020001954      0x800
                0x0000000020001954                __end__ = .
                0x0000000020001954                end = __end__
 *(.heap*)
 .heap          0x0000000020001954      0x800 CMakeFiles/0x04_int.dir/Users/developer/pico/pico-sdk/src/rp2_common/pico_standard_link/crt0.S.obj
                0x0000000020002154                __HeapLimit = .

.stack1_dummy   0x0000000020040000        0x0
 *(.stack1*)

.stack_dummy    0x0000000020041000      0x800
 *(.stack*)
 .stack         0x0000000020041000      0x800 CMakeFiles/0x04_int.dir/Users/developer/pico/pico-sdk/src/rp2_common/pico_standard_link/crt0.S.obj

.flash_end      0x0000000010008090        0x0
                0x0000000010008090                __flash_binary_end = .
                0x0000000020040000                __StackLimit = (ORIGIN (RAM) + LENGTH (RAM))
                0x0000000020041000                __StackOneTop = (ORIGIN (SCRATCH_X) + LENGTH (SCRATCH_X))
                0x0000000020042000                __StackTop = (ORIGIN (SCRATCH_Y) + LENGTH (SCRATCH_Y))
                0x0000000020041000                __StackOneBottom = (__StackOneTop - SIZEOF (.stack1_dummy))
                0x0000000020041800                __StackBottom = (__StackTop - SIZEOF (.stack_dummy))
                0x0000000020042000                PROVIDE (__stack = __StackTop)
                0x0000000000000001                ASSERT ((__StackLimit >= __HeapLimit), region RAM overflowed)
LOAD CMakeFiles/0x04_int.dir/0x04_int.c.obj
LOAD CMakeFiles/0x04_int.dir/Users/developer/pico/pico-sdk/src/rp2_common/pico_stdlib/stdlib.c.obj
LOAD CMakeFiles/0x04_int.dir/Users/developer/pico/pico-sdk/src/rp2_common/hardware_gpio/gpio.c.obj
LOAD CMakeFiles/0x04_int.dir/Users/developer/pico/pico-sdk/src/rp2_common/hardware_claim/claim.c.obj
LOAD CMakeFiles/0x04_int.dir/Users/developer/pico/pico-sdk/src/rp2_common/hardware_sync/sync.c.obj
LOAD CMakeFiles/0x04_int.dir/Users/developer/pico/pico-sdk/src/rp2_common/pico_platform/platform.c.obj
LOAD CMakeFiles/0x04_int.dir/Users/developer/pico/pico-sdk/src/rp2_common/hardware_uart/uart.c.obj
LOAD CMakeFiles/0x04_int.dir/Users/developer/pico/pico-sdk/src/rp2_common/hardware_divider/divider.S.obj
LOAD CMakeFiles/0x04_int.dir/Users/developer/pico/pico-sdk/src/common/pico_time/time.c.obj
LOAD CMakeFiles/0x04_int.dir/Users/developer/pico/pico-sdk/src/common/pico_time/timeout_helper.c.obj
LOAD CMakeFiles/0x04_int.dir/Users/developer/pico/pico-sdk/src/rp2_common/hardware_timer/timer.c.obj
LOAD CMakeFiles/0x04_int.dir/Users/developer/pico/pico-sdk/src/common/pico_sync/sem.c.obj
LOAD CMakeFiles/0x04_int.dir/Users/developer/pico/pico-sdk/src/common/pico_sync/lock_core.c.obj
LOAD CMakeFiles/0x04_int.dir/Users/developer/pico/pico-sdk/src/common/pico_sync/mutex.c.obj
LOAD CMakeFiles/0x04_int.dir/Users/developer/pico/pico-sdk/src/common/pico_sync/critical_section.c.obj
LOAD CMakeFiles/0x04_int.dir/Users/developer/pico/pico-sdk/src/common/pico_util/datetime.c.obj
LOAD CMakeFiles/0x04_int.dir/Users/developer/pico/pico-sdk/src/common/pico_util/pheap.c.obj
LOAD CMakeFiles/0x04_int.dir/Users/developer/pico/pico-sdk/src/common/pico_util/queue.c.obj
LOAD CMakeFiles/0x04_int.dir/Users/developer/pico/pico-sdk/src/rp2_common/pico_runtime/runtime.c.obj
LOAD CMakeFiles/0x04_int.dir/Users/developer/pico/pico-sdk/src/rp2_common/hardware_clocks/clocks.c.obj
LOAD CMakeFiles/0x04_int.dir/Users/developer/pico/pico-sdk/src/rp2_common/hardware_watchdog/watchdog.c.obj
LOAD CMakeFiles/0x04_int.dir/Users/developer/pico/pico-sdk/src/rp2_common/hardware_xosc/xosc.c.obj
LOAD CMakeFiles/0x04_int.dir/Users/developer/pico/pico-sdk/src/rp2_common/hardware_pll/pll.c.obj
LOAD CMakeFiles/0x04_int.dir/Users/developer/pico/pico-sdk/src/rp2_common/hardware_vreg/vreg.c.obj
LOAD CMakeFiles/0x04_int.dir/Users/developer/pico/pico-sdk/src/rp2_common/hardware_irq/irq.c.obj
LOAD CMakeFiles/0x04_int.dir/Users/developer/pico/pico-sdk/src/rp2_common/hardware_irq/irq_handler_chain.S.obj
LOAD CMakeFiles/0x04_int.dir/Users/developer/pico/pico-sdk/src/rp2_common/pico_printf/printf.c.obj
LOAD CMakeFiles/0x04_int.dir/Users/developer/pico/pico-sdk/src/rp2_common/pico_bit_ops/bit_ops_aeabi.S.obj
LOAD CMakeFiles/0x04_int.dir/Users/developer/pico/pico-sdk/src/rp2_common/pico_bootrom/bootrom.c.obj
LOAD CMakeFiles/0x04_int.dir/Users/developer/pico/pico-sdk/src/rp2_common/pico_divider/divider.S.obj
LOAD CMakeFiles/0x04_int.dir/Users/developer/pico/pico-sdk/src/rp2_common/pico_double/double_aeabi.S.obj
LOAD CMakeFiles/0x04_int.dir/Users/developer/pico/pico-sdk/src/rp2_common/pico_double/double_init_rom.c.obj
LOAD CMakeFiles/0x04_int.dir/Users/developer/pico/pico-sdk/src/rp2_common/pico_double/double_math.c.obj
LOAD CMakeFiles/0x04_int.dir/Users/developer/pico/pico-sdk/src/rp2_common/pico_double/double_v1_rom_shim.S.obj
LOAD CMakeFiles/0x04_int.dir/Users/developer/pico/pico-sdk/src/rp2_common/pico_int64_ops/pico_int64_ops_aeabi.S.obj
LOAD CMakeFiles/0x04_int.dir/Users/developer/pico/pico-sdk/src/rp2_common/pico_float/float_aeabi.S.obj
LOAD CMakeFiles/0x04_int.dir/Users/developer/pico/pico-sdk/src/rp2_common/pico_float/float_init_rom.c.obj
LOAD CMakeFiles/0x04_int.dir/Users/developer/pico/pico-sdk/src/rp2_common/pico_float/float_math.c.obj
LOAD CMakeFiles/0x04_int.dir/Users/developer/pico/pico-sdk/src/rp2_common/pico_float/float_v1_rom_shim.S.obj
LOAD CMakeFiles/0x04_int.dir/Users/developer/pico/pico-sdk/src/rp2_common/pico_malloc/pico_malloc.c.obj
LOAD CMakeFiles/0x04_int.dir/Users/developer/pico/pico-sdk/src/rp2_common/pico_mem_ops/mem_ops_aeabi.S.obj
LOAD CMakeFiles/0x04_int.dir/Users/developer/pico/pico-sdk/src/rp2_common/pico_standard_link/crt0.S.obj
LOAD CMakeFiles/0x04_int.dir/Users/developer/pico/pico-sdk/src/rp2_common/pico_standard_link/new_delete.cpp.obj
LOAD CMakeFiles/0x04_int.dir/Users/developer/pico/pico-sdk/src/rp2_common/pico_standard_link/binary_info.c.obj
LOAD CMakeFiles/0x04_int.dir/Users/developer/pico/pico-sdk/src/rp2_common/pico_stdio/stdio.c.obj
LOAD CMakeFiles/0x04_int.dir/Users/developer/pico/pico-sdk/src/rp2_common/pico_stdio_uart/stdio_uart.c.obj
LOAD CMakeFiles/0x04_int.dir/Users/developer/pico/pico-sdk/src/rp2_common/pico_stdio_usb/stdio_usb.c.obj
LOAD CMakeFiles/0x04_int.dir/Users/developer/pico/pico-sdk/src/rp2_common/pico_stdio_usb/stdio_usb_descriptors.c.obj
LOAD CMakeFiles/0x04_int.dir/Users/developer/pico/pico-sdk/lib/tinyusb/src/portable/raspberrypi/rp2040/dcd_rp2040.c.obj
LOAD CMakeFiles/0x04_int.dir/Users/developer/pico/pico-sdk/lib/tinyusb/src/portable/raspberrypi/rp2040/rp2040_usb.c.obj
LOAD CMakeFiles/0x04_int.dir/Users/developer/pico/pico-sdk/lib/tinyusb/src/device/usbd.c.obj
LOAD CMakeFiles/0x04_int.dir/Users/developer/pico/pico-sdk/lib/tinyusb/src/device/usbd_control.c.obj
LOAD CMakeFiles/0x04_int.dir/Users/developer/pico/pico-sdk/lib/tinyusb/src/class/audio/audio_device.c.obj
LOAD CMakeFiles/0x04_int.dir/Users/developer/pico/pico-sdk/lib/tinyusb/src/class/cdc/cdc_device.c.obj
LOAD CMakeFiles/0x04_int.dir/Users/developer/pico/pico-sdk/lib/tinyusb/src/class/dfu/dfu_rt_device.c.obj
LOAD CMakeFiles/0x04_int.dir/Users/developer/pico/pico-sdk/lib/tinyusb/src/class/hid/hid_device.c.obj
LOAD CMakeFiles/0x04_int.dir/Users/developer/pico/pico-sdk/lib/tinyusb/src/class/midi/midi_device.c.obj
LOAD CMakeFiles/0x04_int.dir/Users/developer/pico/pico-sdk/lib/tinyusb/src/class/msc/msc_device.c.obj
LOAD CMakeFiles/0x04_int.dir/Users/developer/pico/pico-sdk/lib/tinyusb/src/class/net/net_device.c.obj
LOAD CMakeFiles/0x04_int.dir/Users/developer/pico/pico-sdk/lib/tinyusb/src/class/usbtmc/usbtmc_device.c.obj
LOAD CMakeFiles/0x04_int.dir/Users/developer/pico/pico-sdk/lib/tinyusb/src/class/vendor/vendor_device.c.obj
LOAD CMakeFiles/0x04_int.dir/Users/developer/pico/pico-sdk/lib/tinyusb/src/tusb.c.obj
LOAD CMakeFiles/0x04_int.dir/Users/developer/pico/pico-sdk/lib/tinyusb/src/common/tusb_fifo.c.obj
LOAD CMakeFiles/0x04_int.dir/Users/developer/pico/pico-sdk/src/rp2_common/pico_fix/rp2040_usb_device_enumeration/rp2040_usb_device_enumeration.c.obj
LOAD /var/folders/bf/sd0knffj2r32l60mdqmd6t200000gn/T//ccI4Ryrs.o
LOAD /usr/local/Caskroom/gcc-arm-embedded/9-2020-q2-update/gcc-arm-none-eabi-9-2020-q2-update/bin/../lib/gcc/arm-none-eabi/9.3.1/../../../../arm-none-eabi/lib/thumb/v6-m/nofp/libstdc++.a
LOAD /usr/local/Caskroom/gcc-arm-embedded/9-2020-q2-update/gcc-arm-none-eabi-9-2020-q2-update/bin/../lib/gcc/arm-none-eabi/9.3.1/../../../../arm-none-eabi/lib/thumb/v6-m/nofp/libm.a
START GROUP
LOAD /usr/local/Caskroom/gcc-arm-embedded/9-2020-q2-update/gcc-arm-none-eabi-9-2020-q2-update/bin/../lib/gcc/arm-none-eabi/9.3.1/thumb/v6-m/nofp/libgcc.a
LOAD /usr/local/Caskroom/gcc-arm-embedded/9-2020-q2-update/gcc-arm-none-eabi-9-2020-q2-update/bin/../lib/gcc/arm-none-eabi/9.3.1/../../../../arm-none-eabi/lib/thumb/v6-m/nofp/libc.a
END GROUP
START GROUP
LOAD /usr/local/Caskroom/gcc-arm-embedded/9-2020-q2-update/gcc-arm-none-eabi-9-2020-q2-update/bin/../lib/gcc/arm-none-eabi/9.3.1/thumb/v6-m/nofp/libgcc.a
LOAD /usr/local/Caskroom/gcc-arm-embedded/9-2020-q2-update/gcc-arm-none-eabi-9-2020-q2-update/bin/../lib/gcc/arm-none-eabi/9.3.1/../../../../arm-none-eabi/lib/thumb/v6-m/nofp/libc.a
LOAD /usr/local/Caskroom/gcc-arm-embedded/9-2020-q2-update/gcc-arm-none-eabi-9-2020-q2-update/bin/../lib/gcc/arm-none-eabi/9.3.1/../../../../arm-none-eabi/lib/thumb/v6-m/nofp/libnosys.a
END GROUP
LOAD /usr/local/Caskroom/gcc-arm-embedded/9-2020-q2-update/gcc-arm-none-eabi-9-2020-q2-update/bin/../lib/gcc/arm-none-eabi/9.3.1/thumb/v6-m/nofp/crtend.o
LOAD /usr/local/Caskroom/gcc-arm-embedded/9-2020-q2-update/gcc-arm-none-eabi-9-2020-q2-update/bin/../lib/gcc/arm-none-eabi/9.3.1/thumb/v6-m/nofp/crtn.o
OUTPUT(0x04_int.elf elf32-littlearm)
LOAD linker stubs

.ARM.attributes
                0x0000000000000000       0x28
 .ARM.attributes
                0x0000000000000000       0x1e /usr/local/Caskroom/gcc-arm-embedded/9-2020-q2-update/gcc-arm-none-eabi-9-2020-q2-update/bin/../lib/gcc/arm-none-eabi/9.3.1/thumb/v6-m/nofp/crti.o
 .ARM.attributes
                0x000000000000001e       0x2c /usr/local/Caskroom/gcc-arm-embedded/9-2020-q2-update/gcc-arm-none-eabi-9-2020-q2-update/bin/../lib/gcc/arm-none-eabi/9.3.1/thumb/v6-m/nofp/crtbegin.o
 .ARM.attributes
                0x000000000000004a       0x2b CMakeFiles/0x04_int.dir/0x04_int.c.obj
 .ARM.attributes
                0x0000000000000075       0x2b CMakeFiles/0x04_int.dir/Users/developer/pico/pico-sdk/src/rp2_common/hardware_gpio/gpio.c.obj
 .ARM.attributes
                0x00000000000000a0       0x2b CMakeFiles/0x04_int.dir/Users/developer/pico/pico-sdk/src/rp2_common/hardware_claim/claim.c.obj
 .ARM.attributes
                0x00000000000000cb       0x2b CMakeFiles/0x04_int.dir/Users/developer/pico/pico-sdk/src/rp2_common/hardware_sync/sync.c.obj
 .ARM.attributes
                0x00000000000000f6       0x2b CMakeFiles/0x04_int.dir/Users/developer/pico/pico-sdk/src/rp2_common/pico_platform/platform.c.obj
 .ARM.attributes
                0x0000000000000121       0x2b CMakeFiles/0x04_int.dir/Users/developer/pico/pico-sdk/src/rp2_common/hardware_uart/uart.c.obj
 .ARM.attributes
                0x000000000000014c       0x2b CMakeFiles/0x04_int.dir/Users/developer/pico/pico-sdk/src/common/pico_time/time.c.obj
 .ARM.attributes
                0x0000000000000177       0x2b CMakeFiles/0x04_int.dir/Users/developer/pico/pico-sdk/src/rp2_common/hardware_timer/timer.c.obj
 .ARM.attributes
                0x00000000000001a2       0x2b CMakeFiles/0x04_int.dir/Users/developer/pico/pico-sdk/src/common/pico_sync/lock_core.c.obj
 .ARM.attributes
                0x00000000000001cd       0x2b CMakeFiles/0x04_int.dir/Users/developer/pico/pico-sdk/src/common/pico_sync/mutex.c.obj
 .ARM.attributes
                0x00000000000001f8       0x2b CMakeFiles/0x04_int.dir/Users/developer/pico/pico-sdk/src/common/pico_sync/critical_section.c.obj
 .ARM.attributes
                0x0000000000000223       0x2b CMakeFiles/0x04_int.dir/Users/developer/pico/pico-sdk/src/common/pico_util/pheap.c.obj
 .ARM.attributes
                0x000000000000024e       0x2b CMakeFiles/0x04_int.dir/Users/developer/pico/pico-sdk/src/rp2_common/pico_runtime/runtime.c.obj
 .ARM.attributes
                0x0000000000000279       0x2b CMakeFiles/0x04_int.dir/Users/developer/pico/pico-sdk/src/rp2_common/hardware_clocks/clocks.c.obj
 .ARM.attributes
                0x00000000000002a4       0x2b CMakeFiles/0x04_int.dir/Users/developer/pico/pico-sdk/src/rp2_common/hardware_watchdog/watchdog.c.obj
 .ARM.attributes
                0x00000000000002cf       0x2b CMakeFiles/0x04_int.dir/Users/developer/pico/pico-sdk/src/rp2_common/hardware_xosc/xosc.c.obj
 .ARM.attributes
                0x00000000000002fa       0x2b CMakeFiles/0x04_int.dir/Users/developer/pico/pico-sdk/src/rp2_common/hardware_pll/pll.c.obj
 .ARM.attributes
                0x0000000000000325       0x2b CMakeFiles/0x04_int.dir/Users/developer/pico/pico-sdk/src/rp2_common/hardware_irq/irq.c.obj
 .ARM.attributes
                0x0000000000000350       0x22 CMakeFiles/0x04_int.dir/Users/developer/pico/pico-sdk/src/rp2_common/hardware_irq/irq_handler_chain.S.obj
 .ARM.attributes
                0x0000000000000372       0x2b CMakeFiles/0x04_int.dir/Users/developer/pico/pico-sdk/src/rp2_common/pico_printf/printf.c.obj
 .ARM.attributes
                0x000000000000039d       0x22 CMakeFiles/0x04_int.dir/Users/developer/pico/pico-sdk/src/rp2_common/pico_bit_ops/bit_ops_aeabi.S.obj
 .ARM.attributes
                0x00000000000003bf       0x2b CMakeFiles/0x04_int.dir/Users/developer/pico/pico-sdk/src/rp2_common/pico_bootrom/bootrom.c.obj
 .ARM.attributes
                0x00000000000003ea       0x22 CMakeFiles/0x04_int.dir/Users/developer/pico/pico-sdk/src/rp2_common/pico_divider/divider.S.obj
 .ARM.attributes
                0x000000000000040c       0x22 CMakeFiles/0x04_int.dir/Users/developer/pico/pico-sdk/src/rp2_common/pico_double/double_aeabi.S.obj
 .ARM.attributes
                0x000000000000042e       0x2b CMakeFiles/0x04_int.dir/Users/developer/pico/pico-sdk/src/rp2_common/pico_double/double_init_rom.c.obj
 .ARM.attributes
                0x0000000000000459       0x22 CMakeFiles/0x04_int.dir/Users/developer/pico/pico-sdk/src/rp2_common/pico_double/double_v1_rom_shim.S.obj
 .ARM.attributes
                0x000000000000047b       0x22 CMakeFiles/0x04_int.dir/Users/developer/pico/pico-sdk/src/rp2_common/pico_int64_ops/pico_int64_ops_aeabi.S.obj
 .ARM.attributes
                0x000000000000049d       0x22 CMakeFiles/0x04_int.dir/Users/developer/pico/pico-sdk/src/rp2_common/pico_float/float_aeabi.S.obj
 .ARM.attributes
                0x00000000000004bf       0x2b CMakeFiles/0x04_int.dir/Users/developer/pico/pico-sdk/src/rp2_common/pico_float/float_init_rom.c.obj
 .ARM.attributes
                0x00000000000004ea       0x22 CMakeFiles/0x04_int.dir/Users/developer/pico/pico-sdk/src/rp2_common/pico_float/float_v1_rom_shim.S.obj
 .ARM.attributes
                0x000000000000050c       0x2b CMakeFiles/0x04_int.dir/Users/developer/pico/pico-sdk/src/rp2_common/pico_malloc/pico_malloc.c.obj
 .ARM.attributes
                0x0000000000000537       0x22 CMakeFiles/0x04_int.dir/Users/developer/pico/pico-sdk/src/rp2_common/pico_mem_ops/mem_ops_aeabi.S.obj
 .ARM.attributes
                0x0000000000000559       0x22 CMakeFiles/0x04_int.dir/Users/developer/pico/pico-sdk/src/rp2_common/pico_standard_link/crt0.S.obj
 .ARM.attributes
                0x000000000000057b       0x32 CMakeFiles/0x04_int.dir/Users/developer/pico/pico-sdk/src/rp2_common/pico_standard_link/binary_info.c.obj
 .ARM.attributes
                0x00000000000005ad       0x2b CMakeFiles/0x04_int.dir/Users/developer/pico/pico-sdk/src/rp2_common/pico_stdio/stdio.c.obj
 .ARM.attributes
                0x00000000000005d8       0x2b CMakeFiles/0x04_int.dir/Users/developer/pico/pico-sdk/src/rp2_common/pico_stdio_uart/stdio_uart.c.obj
 .ARM.attributes
                0x0000000000000603       0x2b CMakeFiles/0x04_int.dir/Users/developer/pico/pico-sdk/src/rp2_common/pico_stdio_usb/stdio_usb.c.obj
 .ARM.attributes
                0x000000000000062e       0x2b CMakeFiles/0x04_int.dir/Users/developer/pico/pico-sdk/src/rp2_common/pico_stdio_usb/stdio_usb_descriptors.c.obj
 .ARM.attributes